Archive member included because of file (symbol)

C:/Users/ErnestoVM/Documents/CCS/lpmsp430g2553_core/Debug\liblpmsp430g2553_core.a(wiring.o)
                              ./PullUP.o (delay)
C:/Users/ErnestoVM/Documents/CCS/lpmsp430g2553_core/Debug\liblpmsp430g2553_core.a(wiring_digital.o)
                              ./PullUP.o (pinMode)
C:/Users/ErnestoVM/Documents/CCS/lpmsp430g2553_core/Debug\liblpmsp430g2553_core.a(HardwareSerial.o)
                              ./PullUP.o (Serial)
C:/Users/ErnestoVM/Documents/CCS/lpmsp430g2553_core/Debug\liblpmsp430g2553_core.a(main.o)
                              (main)
C:/Users/ErnestoVM/Documents/CCS/lpmsp430g2553_core/Debug\liblpmsp430g2553_core.a(Print.o)
                              C:/Users/ErnestoVM/Documents/CCS/lpmsp430g2553_core/Debug\liblpmsp430g2553_core.a(HardwareSerial.o) (Print::write(unsigned char const*, unsigned int))
C:/Users/ErnestoVM/Documents/CCS/lpmsp430g2553_core/Debug\liblpmsp430g2553_core.a(WString.o)
                              C:/Users/ErnestoVM/Documents/CCS/lpmsp430g2553_core/Debug\liblpmsp430g2553_core.a(Print.o) (String::operator[](unsigned int) const)
C:/Users/ErnestoVM/Documents/CCS/lpmsp430g2553_core/Debug\liblpmsp430g2553_core.a(atof.o)
                              C:/Users/ErnestoVM/Documents/CCS/lpmsp430g2553_core/Debug\liblpmsp430g2553_core.a(WString.o) (atof)
C:/Users/ErnestoVM/Documents/CCS/lpmsp430g2553_core/Debug\liblpmsp430g2553_core.a(dtostrf.o)
                              C:/Users/ErnestoVM/Documents/CCS/lpmsp430g2553_core/Debug\liblpmsp430g2553_core.a(WString.o) (dtostrf)
C:/Users/ErnestoVM/Documents/CCS/lpmsp430g2553_core/Debug\liblpmsp430g2553_core.a(itoa.o)
                              C:/Users/ErnestoVM/Documents/CCS/lpmsp430g2553_core/Debug\liblpmsp430g2553_core.a(WString.o) (ltoa)
C:/Users/ErnestoVM/Documents/CCS/lpmsp430g2553_core/Debug\liblpmsp430g2553_core.a(usci_isr_handler.o)
                              C:/Users/ErnestoVM/Documents/CCS/lpmsp430g2553_core/Debug\liblpmsp430g2553_core.a(HardwareSerial.o) (usci_isr_install)
C:/Users/ErnestoVM/Documents/CCS/lpmsp430g2553_core/Debug\liblpmsp430g2553_core.a(new.o)
                              C:/Users/ErnestoVM/Documents/CCS/lpmsp430g2553_core/Debug\liblpmsp430g2553_core.a(Print.o) (__cxa_pure_virtual)
C:/Users/ErnestoVM/Documents/CCS/lpmsp430g2553_core/Debug\liblpmsp430g2553_core.a(twi.o)
                              C:/Users/ErnestoVM/Documents/CCS/lpmsp430g2553_core/Debug\liblpmsp430g2553_core.a(usci_isr_handler.o) (i2c_txrx_isr)
C:/Users/ErnestoVM/Documents/CCS/lpmsp430g2553_core/Debug\liblpmsp430g2553_core.a(twi_sw.o)
                              C:/Users/ErnestoVM/Documents/CCS/lpmsp430g2553_core/Debug\liblpmsp430g2553_core.a(twi.o) (i2c_sw_init)
c:/ti/tirex-content/energia-1.6.10e18/hardware/tools/msp430/bin/../lib/gcc/msp430/4.6.3/../../../../msp430/lib\libm.a(ef_pow.o)
                              C:/Users/ErnestoVM/Documents/CCS/lpmsp430g2553_core/Debug\liblpmsp430g2553_core.a(dtostrf.o) (powf)
c:/ti/tirex-content/energia-1.6.10e18/hardware/tools/msp430/bin/../lib/gcc/msp430/4.6.3/../../../../msp430/lib\libm.a(sf_scalbn.o)
                              c:/ti/tirex-content/energia-1.6.10e18/hardware/tools/msp430/bin/../lib/gcc/msp430/4.6.3/../../../../msp430/lib\libm.a(ef_pow.o) (scalbnf)
c:/ti/tirex-content/energia-1.6.10e18/hardware/tools/msp430/bin/../lib/gcc/msp430/4.6.3/../../../../msp430/lib\libm.a(ef_sqrt.o)
                              c:/ti/tirex-content/energia-1.6.10e18/hardware/tools/msp430/bin/../lib/gcc/msp430/4.6.3/../../../../msp430/lib\libm.a(ef_pow.o) (__ieee754_sqrtf)
c:/ti/tirex-content/energia-1.6.10e18/hardware/tools/msp430/bin/../lib/gcc/msp430/4.6.3\libgcc.a(_mulqi3.o)
                              C:/Users/ErnestoVM/Documents/CCS/lpmsp430g2553_core/Debug\liblpmsp430g2553_core.a(Print.o) (__mulqi3)
c:/ti/tirex-content/energia-1.6.10e18/hardware/tools/msp430/bin/../lib/gcc/msp430/4.6.3\libgcc.a(_mulhi3.o)
                              C:/Users/ErnestoVM/Documents/CCS/lpmsp430g2553_core/Debug\liblpmsp430g2553_core.a(wiring.o) (__mulhi3)
c:/ti/tirex-content/energia-1.6.10e18/hardware/tools/msp430/bin/../lib/gcc/msp430/4.6.3\libgcc.a(_mulsi3.o)
                              C:/Users/ErnestoVM/Documents/CCS/lpmsp430g2553_core/Debug\liblpmsp430g2553_core.a(wiring.o) (__mulsi3)
c:/ti/tirex-content/energia-1.6.10e18/hardware/tools/msp430/bin/../lib/gcc/msp430/4.6.3\libgcc.a(_udivmod16.o)
                              C:/Users/ErnestoVM/Documents/CCS/lpmsp430g2553_core/Debug\liblpmsp430g2553_core.a(wiring.o) (__udivhi3)
c:/ti/tirex-content/energia-1.6.10e18/hardware/tools/msp430/bin/../lib/gcc/msp430/4.6.3\libgcc.a(_udivmod32.o)
                              C:/Users/ErnestoVM/Documents/CCS/lpmsp430g2553_core/Debug\liblpmsp430g2553_core.a(wiring.o) (__udivsi3)
c:/ti/tirex-content/energia-1.6.10e18/hardware/tools/msp430/bin/../lib/gcc/msp430/4.6.3\libgcc.a(_fixunssfsi.o)
[...]
Memory Configuration

Name             Origin             Length             Attributes
sfr              0x00000000         0x00000010
peripheral_8bit  0x00000010         0x000000f0
peripheral_16bit 0x00000100         0x00000100
ram              0x00000200         0x00000200         xw
infomem          0x00001000         0x00000100
infod            0x00001000         0x00000040
infoc            0x00001040         0x00000040
infob            0x00001080         0x00000040
infoa            0x000010c0         0x00000040
rom              0x0000c000         0x00003fe0         xr
vectors          0x0000ffe0         0x00000020
bsl              0x00000000         0x00000000
ram2             0x00000000         0x00000000         xw
ram_mirror       0x00000000         0x00000000         xw
signature        0x00000000         0x00000000
tinyram          0x00000000         0x00000000         xw
usbram           0x00000000         0x00000000         xw
far_rom          0x00000000         0x00000000
*default*        0x00000000         0xffffffff

Linker script and memory map

LOAD c:/ti/tirex-content/energia-1.6.10e18/hardware/tools/msp430/bin/../lib/gcc/msp430/4.6.3/crt0ivtbl16.o
LOAD ./PullUP.o
START GROUP
LOAD C:/Users/ErnestoVM/Documents/CCS/lpmsp430g2553_core/Debug\liblpmsp430g2553_core.a
LOAD c:/ti/tirex-content/energia-1.6.10e18/hardware/tools/msp430/bin/../lib/gcc/msp430/4.6.3/../../../../msp430/lib\libm.a
END GROUP
LOAD c:/ti/tirex-content/energia-1.6.10e18/hardware/tools/msp430/bin/../lib/gcc/msp430/4.6.3\libgcc.a
LOAD c:/ti/tirex-content/energia-1.6.10e18/hardware/tools/msp430/bin/../lib/gcc/msp430/4.6.3/../../../../msp430/lib\libc.a
LOAD c:/ti/tirex-content/energia-1.6.10e18/hardware/tools/msp430/bin/../lib/gcc/msp430/4.6.3\libgcc.a
LOAD c:/ti/tirex-content/energia-1.6.10e18/hardware/tools/msp430/bin/../lib/gcc/msp430/4.6.3\libcrt0.a
                0x00000040                PROVIDE (__info_segment_size, 0x40)
                0x00001000                PROVIDE (__infod, 0x1000)
                0x00001040                PROVIDE (__infoc, 0x1040)
                0x00001080                PROVIDE (__infob, 0x1080)
                0x000010c0                PROVIDE (__infoa, 0x10c0)
                0x00000000                __IE1 = 0x0
                0x00000002                __IFG1 = 0x2
                0x00000001                __IE2 = 0x1
                0x00000003                __IFG2 = 0x3
                0x00000048                __ADC10DTC0 = 0x48
                0x00000049                __ADC10DTC1 = 0x49
                0x0000004a                __ADC10AE0 = 0x4a
                0x000001b0                __ADC10CTL0 = 0x1b0
                0x000001b2                __ADC10CTL1 = 0x1b2
                0x000001b4                __ADC10MEM = 0x1b4
                0x000001bc                __ADC10SA = 0x1bc
                0x00000056                __DCOCTL = 0x56
                0x00000057                __BCSCTL1 = 0x57
                0x00000058                __BCSCTL2 = 0x58
                0x00000053                __BCSCTL3 = 0x53
                0x00000059                __CACTL1 = 0x59
                0x0000005a                __CACTL2 = 0x5a
                0x0000005b                __CAPD = 0x5b
                0x00000128                __FCTL1 = 0x128
                0x0000012a                __FCTL2 = 0x12a
                0x0000012c                __FCTL3 = 0x12c
                0x00000020                __P1IN = 0x20
                0x00000021                __P1OUT = 0x21
                0x00000022                __P1DIR = 0x22
                0x00000023                __P1IFG = 0x23
                0x00000024                __P1IES = 0x24
                0x00000025                __P1IE = 0x25
                0x00000026                __P1SEL = 0x26
                0x00000041                __P1SEL2 = 0x41
                0x00000027                __P1REN = 0x27
                0x00000028                __P2IN = 0x28
                0x00000029                __P2OUT = 0x29
                0x0000002a                __P2DIR = 0x2a
                0x0000002b                __P2IFG = 0x2b
                0x0000002c                __P2IES = 0x2c
                0x0000002d                __P2IE = 0x2d
                0x0000002e                __P2SEL = 0x2e
                0x00000042                __P2SEL2 = 0x42
                0x0000002f                __P2REN = 0x2f
                0x00000018                __P3IN = 0x18
                0x00000019                __P3OUT = 0x19
                0x0000001a                __P3DIR = 0x1a
                0x0000001b                __P3SEL = 0x1b
                0x00000043                __P3SEL2 = 0x43
                0x00000010                __P3REN = 0x10
                0x0000012e                __TA0IV = 0x12e
                0x00000160                __TA0CTL = 0x160
                0x00000162                __TA0CCTL0 = 0x162
                0x00000164                __TA0CCTL1 = 0x164
                0x00000166                __TA0CCTL2 = 0x166
                0x00000170                __TA0R = 0x170
                0x00000172                __TA0CCR0 = 0x172
                0x00000174                __TA0CCR1 = 0x174
                0x00000176                __TA0CCR2 = 0x176
                0x0000011e                __TA1IV = 0x11e
                0x00000180                __TA1CTL = 0x180
                0x00000182                __TA1CCTL0 = 0x182
                0x00000184                __TA1CCTL1 = 0x184
                0x00000186                __TA1CCTL2 = 0x186
                0x00000190                __TA1R = 0x190
                0x00000192                __TA1CCR0 = 0x192
                0x00000194                __TA1CCR1 = 0x194
                0x00000196                __TA1CCR2 = 0x196
                0x00000060                __UCA0CTL0 = 0x60
                0x00000061                __UCA0CTL1 = 0x61
                0x00000062                __UCA0BR0 = 0x62
                0x00000063                __UCA0BR1 = 0x63
                0x00000064                __UCA0MCTL = 0x64
                0x00000065                __UCA0STAT = 0x65
                0x00000066                __UCA0RXBUF = 0x66
                0x00000067                __UCA0TXBUF = 0x67
                0x0000005d                __UCA0ABCTL = 0x5d
                0x0000005e                __UCA0IRTCTL = 0x5e
                0x0000005f                __UCA0IRRCTL = 0x5f
                0x00000068                __UCB0CTL0 = 0x68
                0x00000069                __UCB0CTL1 = 0x69
                0x0000006a                __UCB0BR0 = 0x6a
                0x0000006b                __UCB0BR1 = 0x6b
                0x0000006c                __UCB0I2CIE = 0x6c
                0x0000006d                __UCB0STAT = 0x6d
                0x0000006e                __UCB0RXBUF = 0x6e
                0x0000006f                __UCB0TXBUF = 0x6f
                0x00000118                __UCB0I2COA = 0x118
                0x0000011a                __UCB0I2CSA = 0x11a
                0x00000120                __WDTCTL = 0x120
                0x000010f8                __CALDCO_16MHZ = 0x10f8
                0x000010f9                __CALBC1_16MHZ = 0x10f9
                0x000010fa                __CALDCO_12MHZ = 0x10fa
                0x000010fb                __CALBC1_12MHZ = 0x10fb
                0x000010fc                __CALDCO_8MHZ = 0x10fc
                0x000010fd                __CALBC1_8MHZ = 0x10fd
                0x000010fe                __CALDCO_1MHZ = 0x10fe
                0x000010ff                __CALBC1_1MHZ = 0x10ff
                0x000010c0                __TLV_CHECKSUM = 0x10c0
                0x000010f6                __TLV_DCO_30_TAG = 0x10f6
                0x000010f7                __TLV_DCO_30_LEN = 0x10f7
                0x000010da                __TLV_ADC10_1_TAG = 0x10da
                0x000010db                __TLV_ADC10_1_LEN = 0x10db

.hash
 *(.hash)

.dynsym
 *(.dynsym)

.dynstr
 *(.dynstr)

.gnu.version
 *(.gnu.version)

.gnu.version_d
 *(.gnu.version_d)

.gnu.version_r
 *(.gnu.version_r)

.rel.init
 *(.rel.init)

.rela.init
 *(.rela.init)

.rel.fini
 *(.rel.fini)

.rela.fini
 *(.rela.fini)

.rel.text
 *(.rel.text .rel.text.* .rel.gnu.linkonce.t.*)

.rela.text
 *(.rela.text .rela.text.* .rela.gnu.linkonce.t.*)

.rel.rodata
 *(.rel.rodata .rel.rodata.* .rel.gnu.linkonce.r.*)

.rela.rodata
 *(.rela.rodata .rela.rodata.* .rela.gnu.linkonce.r.*)

.rel.data
 *(.rel.data .rel.data.* .rel.gnu.linkonce.d.*)

.rela.data
 *(.rela.data .rela.data.* .rela.gnu.linkonce.d.*)

.rel.bss
 *(.rel.bss .rel.bss.* .rel.gnu.linkonce.b.*)

.rela.bss
 *(.rela.bss .rela.bss.* .rela.gnu.linkonce.b.*)

.rel.ctors
 *(.rel.ctors)

.rela.ctors
 *(.rela.ctors)

.rel.dtors
 *(.rel.dtors)

.rela.dtors
 *(.rela.dtors)

.rel.got
 *(.rel.got)

.rela.got
 *(.rela.got)

.rel.plt
 *(.rel.plt)

.rela.plt
 *(.rela.plt)

.text           0x0000c000      0xa26
                0x0000c000                . = ALIGN (0x2)
 *(.init .init.*)
 *(.init0)
 .init0         0x0000c000        0x0 c:/ti/tirex-content/energia-1.6.10e18/hardware/tools/msp430/bin/../lib/gcc/msp430/4.6.3\libcrt0.a(_reset_vector__.o)
                0x0000c000                _reset_vector__
 *(.init1)
 .init1         0x0000c000        0xc c:/ti/tirex-content/energia-1.6.10e18/hardware/tools/msp430/bin/../lib/gcc/msp430/4.6.3\libcrt0.a(__watchdog_support.o)
                0x0000c000                __watchdog_support
 *(.init2)
 .init2         0x0000c00c        0x4 c:/ti/tirex-content/energia-1.6.10e18/hardware/tools/msp430/bin/../lib/gcc/msp430/4.6.3\libcrt0.a(__init_stack.o)
                0x0000c00c                __init_stack
 *(.init3)
 .init3         0x0000c010        0x0 c:/ti/tirex-content/energia-1.6.10e18/hardware/tools/msp430/bin/../lib/gcc/msp430/4.6.3\libcrt0.a(__low_level_init.o)
                0x0000c010                __low_level_init
 *(.init4)
 .init4         0x0000c010       0x18 c:/ti/tirex-content/energia-1.6.10e18/hardware/tools/msp430/bin/../lib/gcc/msp430/4.6.3\libcrt0.a(_copy_data.o)
                0x0000c010                __do_copy_data
 .init4         0x0000c028       0x16 c:/ti/tirex-content/energia-1.6.10e18/hardware/tools/msp430/bin/../lib/gcc/msp430/4.6.3\libcrt0.a(_clear_bss.o)
                0x0000c028                __do_clear_bss
 *(.init5)
 *(.init6)
 .init6         0x0000c03e       0x14 c:/ti/tirex-content/energia-1.6.10e18/hardware/tools/msp430/bin/../lib/gcc/msp430/4.6.3\libcrt0.a(_ctors430.o)
                0x0000c03e                __do_global_ctors
 *(.init7)
 *(.init8)
 *(.init9)
 .init9         0x0000c052       0x1a C:/Users/ErnestoVM/Documents/CCS/lpmsp430g2553_core/Debug\liblpmsp430g2553_core.a(main.o)
                0x0000c052                main
 *(.fini9)
 .fini9         0x0000c06c        0x0 c:/ti/tirex-content/energia-1.6.10e18/hardware/tools/msp430/bin/../lib/gcc/msp430/4.6.3\libcrt0.a(__stop_progExec__.o)
                0x0000c06c                __stop_progExec__
 *(.fini8)
 *(.fini7)
 *(.fini6)
 *(.fini5)
 *(.fini4)
 *(.fini3)
 *(.fini2)
 *(.fini1)
 *(.fini0)
 .fini0         0x0000c06c        0x6 c:/ti/tirex-content/energia-1.6.10e18/hardware/tools/msp430/bin/../lib/gcc/msp430/4.6.3\libcrt0.a(_endless_loop__.o)
                0x0000c06c                _endless_loop__
 *(.fini .fini.*)
                0x0000c072                . = ALIGN (0x2)
                0x0000c072                __ctors_start = .
 *(.ctors)
 .ctors         0x0000c072        0x2 C:/Users/ErnestoVM/Documents/CCS/lpmsp430g2553_core/Debug\liblpmsp430g2553_core.a(HardwareSerial.o)
                0x0000c074                __ctors_end = .
                0x0000c074                __dtors_start = .
 *(.dtors)
                0x0000c074                __dtors_end = .
                0x0000c074                . = ALIGN (0x2)
 *(.text .text.* .gnu.linkonce.t.*)
 .text          0x0000c074        0x4 c:/ti/tirex-content/energia-1.6.10e18/hardware/tools/msp430/bin/../lib/gcc/msp430/4.6.3/crt0ivtbl16.o
                0x0000c074                __isr_14
                0x0000c074                __isr_4
                0x0000c074                __isr_11
                0x0000c074                __isr_5
                0x0000c074                __isr_2
                0x0000c074                __isr_0
                0x0000c074                __isr_8
                0x0000c074                __isr_3
                0x0000c074                __isr_12
                0x0000c074                __isr_13
                0x0000c074                __isr_9
                0x0000c074                __isr_1
 .text._Z5stateiii
                0x0000c078       0x2a ./PullUP.o
                0x0000c078                state(int, int, int)
 .text.setup    0x0000c0a2       0x40 ./PullUP.o
                0x0000c0a2                setup
 .text.loop     0x0000c0e2       0xae ./PullUP.o
                0x0000c0e2                loop
 .text.enableXtal
                0x0000c190       0x42 C:/Users/ErnestoVM/Documents/CCS/lpmsp430g2553_core/Debug\liblpmsp430g2553_core.a(wiring.o)
                0x0000c190                enableXtal
 .text.enableWatchDogIntervalMode
                0x0000c1d2        0xc C:/Users/ErnestoVM/Documents/CCS/lpmsp430g2553_core/Debug\liblpmsp430g2553_core.a(wiring.o)
                0x0000c1d2                enableWatchDogIntervalMode
 .text.initClocks
                0x0000c1de       0x1c C:/Users/ErnestoVM/Documents/CCS/lpmsp430g2553_core/Debug\liblpmsp430g2553_core.a(wiring.o)
                0x0000c1de                initClocks
 .text.init     0x0000c1fa       0x12 C:/Users/ErnestoVM/Documents/CCS/lpmsp430g2553_core/Debug\liblpmsp430g2553_core.a(wiring.o)
                0x0000c1fa                init
 .text.micros   0x0000c20c       0x24 C:/Users/ErnestoVM/Documents/CCS/lpmsp430g2553_core/Debug\liblpmsp430g2553_core.a(wiring.o)
                0x0000c20c                micros
 .text.delay    0x0000c230       0x48 C:/Users/ErnestoVM/Documents/CCS/lpmsp430g2553_core/Debug\liblpmsp430g2553_core.a(wiring.o)
                0x0000c230                delay
 .text.watchdog_isr
                0x0000c278       0x82 C:/Users/ErnestoVM/Documents/CCS/lpmsp430g2553_core/Debug\liblpmsp430g2553_core.a(wiring.o)
                0x0000c278                __isr_10
                0x0000c278                watchdog_isr
 .text.pinMode  0x0000c2fa       0x7a C:/Users/ErnestoVM/Documents/CCS/lpmsp430g2553_core/Debug\liblpmsp430g2553_core.a(wiring_digital.o)
                0x0000c2fa                pinMode
 .text.pinMode_int
                0x0000c374       0xa4 C:/Users/ErnestoVM/Documents/CCS/lpmsp430g2553_core/Debug\liblpmsp430g2553_core.a(wiring_digital.o)
                0x0000c374                pinMode_int
 .text.digitalRead
                0x0000c418       0x3e C:/Users/ErnestoVM/Documents/CCS/lpmsp430g2553_core/Debug\liblpmsp430g2553_core.a(wiring_digital.o)
                0x0000c418                digitalRead
 .text.digitalWrite
                0x0000c456       0x4a C:/Users/ErnestoVM/Documents/CCS/lpmsp430g2553_core/Debug\liblpmsp430g2553_core.a(wiring_digital.o)
                0x0000c456                digitalWrite
 .text._ZN14HardwareSerial9availableEv
                0x0000c4a0       0x12 C:/Users/ErnestoVM/Documents/CCS/lpmsp430g2553_core/Debug\liblpmsp430g2553_core.a(HardwareSerial.o)
                0x0000c4a0                HardwareSerial::available()
 .text._ZN14HardwareSerial4peekEv
                0x0000c4b2       0x1e C:/Users/ErnestoVM/Documents/CCS/lpmsp430g2553_core/Debug\liblpmsp430g2553_core.a(HardwareSerial.o)
                0x0000c4b2                HardwareSerial::peek()
 .text._ZN14HardwareSerial4readEv
                0x0000c4d0       0x2c C:/Users/ErnestoVM/Documents/CCS/lpmsp430g2553_core/Debug\liblpmsp430g2553_core.a(HardwareSerial.o)
                0x0000c4d0                HardwareSerial::read()
 .text._ZN14HardwareSerial5flushEv
                0x0000c4fc       0x12 C:/Users/ErnestoVM/Documents/CCS/lpmsp430g2553_core/Debug\liblpmsp430g2553_core.a(HardwareSerial.o)
                0x0000c4fc                HardwareSerial::flush()
 .text._ZN14HardwareSerial5writeEh
                0x0000c50e       0x3c C:/Users/ErnestoVM/Documents/CCS/lpmsp430g2553_core/Debug\liblpmsp430g2553_core.a(HardwareSerial.o)
                0x0000c50e                HardwareSerial::write(unsigned char)
 .text._Z11serialEventv
                0x0000c54a        0x2 C:/Users/ErnestoVM/Documents/CCS/lpmsp430g2553_core/Debug\liblpmsp430g2553_core.a(HardwareSerial.o)
                0x0000c54a                serialEvent()
 .text._Z14serialEventRunv
                0x0000c54c       0x12 C:/Users/ErnestoVM/Documents/CCS/lpmsp430g2553_core/Debug\liblpmsp430g2553_core.a(HardwareSerial.o)
                0x0000c54c                serialEventRun()
 .text._ZN14HardwareSerial5beginEm
                0x0000c55e      0x128 C:/Users/ErnestoVM/Documents/CCS/lpmsp430g2553_core/Debug\liblpmsp430g2553_core.a(HardwareSerial.o)
                0x0000c55e                HardwareSerial::begin(unsigned long)
 .text.uart_rx_isr
                0x0000c686       0x28 C:/Users/ErnestoVM/Documents/CCS/lpmsp430g2553_core/Debug\liblpmsp430g2553_core.a(HardwareSerial.o)
                0x0000c686                uart_rx_isr
 .text.uart_tx_isr
                0x0000c6ae       0x3c C:/Users/ErnestoVM/Documents/CCS/lpmsp430g2553_core/Debug\liblpmsp430g2553_core.a(HardwareSerial.o)
                0x0000c6ae                uart_tx_isr
 .text.startup._GLOBAL__sub_I_rx_buffer
                0x0000c6ea       0x44 C:/Users/ErnestoVM/Documents/CCS/lpmsp430g2553_core/Debug\liblpmsp430g2553_core.a(HardwareSerial.o)
 .text._ZN5Print5writeEPKhj
                0x0000c72e       0x2e C:/Users/ErnestoVM/Documents/CCS/lpmsp430g2553_core/Debug\liblpmsp430g2553_core.a(Print.o)
                0x0000c72e                Print::write(unsigned char const*, unsigned int)
 .text.usci_isr_install
                0x0000c75c        0x2 C:/Users/ErnestoVM/Documents/CCS/lpmsp430g2553_core/Debug\liblpmsp430g2553_core.a(usci_isr_handler.o)
                0x0000c75c                usci_isr_install
 .text.USCIAB0TX_ISR
                0x0000c75e       0x5a C:/Users/ErnestoVM/Documents/CCS/lpmsp430g2553_core/Debug\liblpmsp430g2553_core.a(usci_isr_handler.o)
                0x0000c75e                USCIAB0TX_ISR
                0x0000c75e                __isr_6
 .text.USCIAB0RX_ISR
                0x0000c7b8       0x4c C:/Users/ErnestoVM/Documents/CCS/lpmsp430g2553_core/Debug\liblpmsp430g2553_core.a(usci_isr_handler.o)
                0x0000c7b8                USCIAB0RX_ISR
                0x0000c7b8                __isr_7
 .text.i2c_txrx_isr
                0x0000c804      0x114 C:/Users/ErnestoVM/Documents/CCS/lpmsp430g2553_core/Debug\liblpmsp430g2553_core.a(twi.o)
                0x0000c804                i2c_txrx_isr
 .text.i2c_state_isr
                0x0000c918       0xcc C:/Users/ErnestoVM/Documents/CCS/lpmsp430g2553_core/Debug\liblpmsp430g2553_core.a(twi.o)
                0x0000c918                i2c_state_isr
 .text.libgcc   0x0000c9e4       0x40 c:/ti/tirex-content/energia-1.6.10e18/hardware/tools/msp430/bin/../lib/gcc/msp430/4.6.3\libgcc.a(_udivmod32.o)
                0x0000c9e4                __ext_udivmod32
                0x0000c9e4                __udivsi3
                0x0000ca1a                __umodsi3
 .text.crt0     0x0000ca24        0x2 c:/ti/tirex-content/energia-1.6.10e18/hardware/tools/msp430/bin/../lib/gcc/msp430/4.6.3\libcrt0.a(_unexpected_.o)
                0x0000ca24                _unexpected_
                0x0000ca26                . = ALIGN (0x2)

.rodata         0x0000ca26       0x6a
                0x0000ca26                . = ALIGN (0x2)
 *(.rodata .rodata.* .gnu.linkonce.r.*)
 .rodata.digital_pin_to_bit_mask
                0x0000ca26       0x15 C:/Users/ErnestoVM/Documents/CCS/lpmsp430g2553_core/Debug\liblpmsp430g2553_core.a(wiring_digital.o)
                0x0000ca26                digital_pin_to_bit_mask
 .rodata.digital_pin_to_port
                0x0000ca3b       0x15 C:/Users/ErnestoVM/Documents/CCS/lpmsp430g2553_core/Debug\liblpmsp430g2553_core.a(wiring_digital.o)
                0x0000ca3b                digital_pin_to_port
 .rodata.port_to_sel2
                0x0000ca50        0x8 C:/Users/ErnestoVM/Documents/CCS/lpmsp430g2553_core/Debug\liblpmsp430g2553_core.a(wiring_digital.o)
                0x0000ca50                port_to_sel2
 .rodata.port_to_sel0
                0x0000ca58        0x8 C:/Users/ErnestoVM/Documents/CCS/lpmsp430g2553_core/Debug\liblpmsp430g2553_core.a(wiring_digital.o)
                0x0000ca58                port_to_sel0
 .rodata.port_to_ren
                0x0000ca60        0x8 C:/Users/ErnestoVM/Documents/CCS/lpmsp430g2553_core/Debug\liblpmsp430g2553_core.a(wiring_digital.o)
                0x0000ca60                port_to_ren
 .rodata.port_to_dir
                0x0000ca68        0x8 C:/Users/ErnestoVM/Documents/CCS/lpmsp430g2553_core/Debug\liblpmsp430g2553_core.a(wiring_digital.o)
                0x0000ca68                port_to_dir
 .rodata.port_to_output
                0x0000ca70        0x8 C:/Users/ErnestoVM/Documents/CCS/lpmsp430g2553_core/Debug\liblpmsp430g2553_core.a(wiring_digital.o)
                0x0000ca70                port_to_output
 .rodata.port_to_input
                0x0000ca78        0x8 C:/Users/ErnestoVM/Documents/CCS/lpmsp430g2553_core/Debug\liblpmsp430g2553_core.a(wiring_digital.o)
                0x0000ca78                port_to_input
 .rodata._ZTV14HardwareSerial
                0x0000ca80       0x10 C:/Users/ErnestoVM/Documents/CCS/lpmsp430g2553_core/Debug\liblpmsp430g2553_core.a(HardwareSerial.o)
                0x0000ca80                vtable for HardwareSerial
                0x0000ca90                . = ALIGN (0x2)
                0x0000ca90                _etext = .

.data           0x00000200        0x2 load address 0x0000ca90
                0x00000200                . = ALIGN (0x2)
                0x00000200                PROVIDE (__data_start, .)
 *(.data .data.* .gnu.linkonce.d.*)
 .data.I2C_baseAddress
                0x00000200        0x2 C:/Users/ErnestoVM/Documents/CCS/lpmsp430g2553_core/Debug\liblpmsp430g2553_core.a(twi.o)
                0x00000200                I2C_baseAddress
                0x00000202                . = ALIGN (0x2)
                0x00000202                _edata = .
                0x0000ca90                PROVIDE (__data_load_start, LOADADDR (.data))
                0x00000002                PROVIDE (__data_size, SIZEOF (.data))

.bss            0x00000202       0x94 load address 0x0000ca92
                0x00000202                PROVIDE (__bss_start, .)
 *(.bss .bss.*)
 .bss.counter   0x00000202        0x2 ./PullUP.o
                0x00000202                counter
 .bss.vlo_freq  0x00000204        0x2 C:/Users/ErnestoVM/Documents/CCS/lpmsp430g2553_core/Debug\liblpmsp430g2553_core.a(wiring.o)
                0x00000204                vlo_freq
 .bss.stay_asleep
                0x00000206        0x1 C:/Users/ErnestoVM/Documents/CCS/lpmsp430g2553_core/Debug\liblpmsp430g2553_core.a(wiring.o)
                0x00000206                stay_asleep
 .bss.sleeping  0x00000207        0x1 C:/Users/ErnestoVM/Documents/CCS/lpmsp430g2553_core/Debug\liblpmsp430g2553_core.a(wiring.o)
                0x00000207                sleeping
 .bss.wdt_fract
                0x00000208        0x2 C:/Users/ErnestoVM/Documents/CCS/lpmsp430g2553_core/Debug\liblpmsp430g2553_core.a(wiring.o)
                0x00000208                wdt_fract
 .bss.wdt_millis
                0x0000020a        0x4 C:/Users/ErnestoVM/Documents/CCS/lpmsp430g2553_core/Debug\liblpmsp430g2553_core.a(wiring.o)
                0x0000020a                wdt_millis
 .bss.wdt_overflow_count
                0x0000020e        0x4 C:/Users/ErnestoVM/Documents/CCS/lpmsp430g2553_core/Debug\liblpmsp430g2553_core.a(wiring.o)
                0x0000020e                wdt_overflow_count
 .bss.Serial    0x00000212       0x1a C:/Users/ErnestoVM/Documents/CCS/lpmsp430g2553_core/Debug\liblpmsp430g2553_core.a(HardwareSerial.o)
                0x00000212                Serial
 .bss.tx_buffer
                0x0000022c       0x14 C:/Users/ErnestoVM/Documents/CCS/lpmsp430g2553_core/Debug\liblpmsp430g2553_core.a(HardwareSerial.o)
                0x0000022c                tx_buffer
 .bss.rx_buffer
                0x00000240       0x14 C:/Users/ErnestoVM/Documents/CCS/lpmsp430g2553_core/Debug\liblpmsp430g2553_core.a(HardwareSerial.o)
                0x00000240                rx_buffer
 .bss.still_asleep
                0x00000254        0x1 C:/Users/ErnestoVM/Documents/CCS/lpmsp430g2553_core/Debug\liblpmsp430g2553_core.a(usci_isr_handler.o)
 .bss.twi_error
                0x00000255        0x1 C:/Users/ErnestoVM/Documents/CCS/lpmsp430g2553_core/Debug\liblpmsp430g2553_core.a(twi.o)
 .bss.twi_rxBufferIndex
                0x00000256        0x1 C:/Users/ErnestoVM/Documents/CCS/lpmsp430g2553_core/Debug\liblpmsp430g2553_core.a(twi.o)
 .bss.twi_txBufferLength
                0x00000257        0x1 C:/Users/ErnestoVM/Documents/CCS/lpmsp430g2553_core/Debug\liblpmsp430g2553_core.a(twi.o)
 .bss.twi_txBufferIndex
                0x00000258        0x1 C:/Users/ErnestoVM/Documents/CCS/lpmsp430g2553_core/Debug\liblpmsp430g2553_core.a(twi.o)
 .bss.twi_masterBufferIndex
                0x00000259        0x1 C:/Users/ErnestoVM/Documents/CCS/lpmsp430g2553_core/Debug\liblpmsp430g2553_core.a(twi.o)
 .bss.twi_inRepStart
                0x0000025a        0x1 C:/Users/ErnestoVM/Documents/CCS/lpmsp430g2553_core/Debug\liblpmsp430g2553_core.a(twi.o)
 .bss.twi_sendStop
                0x0000025b        0x1 C:/Users/ErnestoVM/Documents/CCS/lpmsp430g2553_core/Debug\liblpmsp430g2553_core.a(twi.o)
 .bss.twi_state
                0x0000025c        0x1 C:/Users/ErnestoVM/Documents/CCS/lpmsp430g2553_core/Debug\liblpmsp430g2553_core.a(twi.o)
 .bss.twi_masterBufferLength
                0x0000025d        0x1 C:/Users/ErnestoVM/Documents/CCS/lpmsp430g2553_core/Debug\liblpmsp430g2553_core.a(twi.o)
 .bss.twi_masterBuffer
                0x0000025e       0x10 C:/Users/ErnestoVM/Documents/CCS/lpmsp430g2553_core/Debug\liblpmsp430g2553_core.a(twi.o)
 .bss.twi_txBuffer
                0x0000026e       0x10 C:/Users/ErnestoVM/Documents/CCS/lpmsp430g2553_core/Debug\liblpmsp430g2553_core.a(twi.o)
 .bss.twi_onSlaveReceive
                0x0000027e        0x2 C:/Users/ErnestoVM/Documents/CCS/lpmsp430g2553_core/Debug\liblpmsp430g2553_core.a(twi.o)
 .bss.twi_onSlaveTransmit
                0x00000280        0x2 C:/Users/ErnestoVM/Documents/CCS/lpmsp430g2553_core/Debug\liblpmsp430g2553_core.a(twi.o)
 .bss.twi_rxBuffer
                0x00000282       0x10 C:/Users/ErnestoVM/Documents/CCS/lpmsp430g2553_core/Debug\liblpmsp430g2553_core.a(twi.o)
 *(COMMON)
 COMMON         0x00000292        0x4 C:/Users/ErnestoVM/Documents/CCS/lpmsp430g2553_core/Debug\liblpmsp430g2553_core.a(wiring.o)
                0x00000292                SMILLIS_INC
                0x00000294                SFRACT_INC
                0x00000296                . = ALIGN (0x2)
                0x00000296                PROVIDE (__bss_end, .)
                0x00000094                PROVIDE (__bss_size, SIZEOF (.bss))

.noinit         0x00000296        0x2 load address 0x0000ca92
                0x00000296                PROVIDE (__noinit_start, .)
 *(.noinit .noinit.*)
 .noinit.crt0   0x00000296        0x2 c:/ti/tirex-content/energia-1.6.10e18/hardware/tools/msp430/bin/../lib/gcc/msp430/4.6.3\libcrt0.a(__watchdog_support.o)
                0x00000296                __wdt_clear_value
                0x00000298                . = ALIGN (0x2)
                0x00000298                PROVIDE (__noinit_end, .)
                0x00000298                . = ALIGN (0x2)
                0x00000298                _end = .

.infomem        0x00001000        0x0
 *(.infomem)
                0x00001000                . = ALIGN (0x2)
 *(.infomem.*)

.infomemnobits  0x00001000        0x0
 *(.infomemnobits)
                0x00001000                . = ALIGN (0x2)
 *(.infomemnobits.*)

.infoa
 *(.infoa .infoa.*)

.infob
 *(.infob .infob.*)

.infoc
 *(.infoc .infoc.*)

.infod
 *(.infod .infod.*)

.vectors        0x0000ffe0       0x20
                0x0000ffe0                PROVIDE (__vectors_start, .)
 *(.vectors*)
 .vectors       0x0000ffe0       0x20 c:/ti/tirex-content/energia-1.6.10e18/hardware/tools/msp430/bin/../lib/gcc/msp430/4.6.3/crt0ivtbl16.o
                0x0000ffe0                __ivtbl_16
                0x00010000                _vectors_end = .

.fartext        0x00000000        0x0
                0x00000000                . = ALIGN (0x2)
 *(.fartext)
                0x00000000                . = ALIGN (0x2)
 *(.fartext.*)
                0x00000000                _efartext = .

.profiler
 *(.profiler)

.stab
 *(.stab)

.stabstr
 *(.stabstr)

.stab.excl
 *(.stab.excl)

.stab.exclstr
 *(.stab.exclstr)

.stab.index
 *(.stab.index)

.stab.indexstr
 *(.stab.indexstr)

.comment
 *(.comment)

.debug
 *(.debug)

.line
 *(.line)

.debug_srcinfo
 *(.debug_srcinfo)

.debug_sfnames
 *(.debug_sfnames)

.debug_aranges  0x00000000      0x720
 *(.debug_aranges)
 .debug_aranges
                0x00000000       0x1c ./PullUP.o
 .debug_aranges
                0x0000001c       0x48 C:/Users/ErnestoVM/Documents/CCS/lpmsp430g2553_core/Debug\liblpmsp430g2553_core.a(wiring.o)
 .debug_aranges
                0x00000064       0x20 C:/Users/ErnestoVM/Documents/CCS/lpmsp430g2553_core/Debug\liblpmsp430g2553_core.a(wiring_digital.o)
 .debug_aranges
                0x00000084       0x44 C:/Users/ErnestoVM/Documents/CCS/lpmsp430g2553_core/Debug\liblpmsp430g2553_core.a(HardwareSerial.o)
 .debug_aranges
                0x000000c8       0x14 C:/Users/ErnestoVM/Documents/CCS/lpmsp430g2553_core/Debug\liblpmsp430g2553_core.a(main.o)
 .debug_aranges
                0x000000dc       0x70 C:/Users/ErnestoVM/Documents/CCS/lpmsp430g2553_core/Debug\liblpmsp430g2553_core.a(Print.o)
 .debug_aranges
                0x0000014c      0x144 C:/Users/ErnestoVM/Documents/CCS/lpmsp430g2553_core/Debug\liblpmsp430g2553_core.a(WString.o)
 .debug_aranges
                0x00000290       0x14 C:/Users/ErnestoVM/Documents/CCS/lpmsp430g2553_core/Debug\liblpmsp430g2553_core.a(atof.o)
 .debug_aranges
                0x000002a4       0x14 C:/Users/ErnestoVM/Documents/CCS/lpmsp430g2553_core/Debug\liblpmsp430g2553_core.a(dtostrf.o)
 .debug_aranges
                0x000002b8       0x20 C:/Users/ErnestoVM/Documents/CCS/lpmsp430g2553_core/Debug\liblpmsp430g2553_core.a(itoa.o)
 .debug_aranges
                0x000002d8       0x1c C:/Users/ErnestoVM/Documents/CCS/lpmsp430g2553_core/Debug\liblpmsp430g2553_core.a(usci_isr_handler.o)
 .debug_aranges
                0x000002f4       0x28 C:/Users/ErnestoVM/Documents/CCS/lpmsp430g2553_core/Debug\liblpmsp430g2553_core.a(new.o)
 .debug_aranges
                0x0000031c       0x3c C:/Users/ErnestoVM/Documents/CCS/lpmsp430g2553_core/Debug\liblpmsp430g2553_core.a(twi.o)
 .debug_aranges
                0x00000358       0x30 C:/Users/ErnestoVM/Documents/CCS/lpmsp430g2553_core/Debug\liblpmsp430g2553_core.a(twi_sw.o)
 .debug_aranges
                0x00000388       0x14 c:/ti/tirex-content/energia-1.6.10e18/hardware/tools/msp430/bin/../lib/gcc/msp430/4.6.3/../../../../msp430/lib\libm.a(ef_pow.o)
 .debug_aranges
                0x0000039c       0x14 c:/ti/tirex-content/energia-1.6.10e18/hardware/tools/msp430/bin/../lib/gcc/msp430/4.6.3/../../../../msp430/lib\libm.a(sf_scalbn.o)
 .debug_aranges
                0x000003b0       0x14 c:/ti/tirex-content/energia-1.6.10e18/hardware/tools/msp430/bin/../lib/gcc/msp430/4.6.3/../../../../msp430/lib\libm.a(ef_sqrt.o)
 .debug_aranges
                0x000003c4       0x14 c:/ti/tirex-content/energia-1.6.10e18/hardware/tools/msp430/bin/../lib/gcc/msp430/4.6.3\libgcc.a(_mulqi3.o)
 .debug_aranges
                0x000003d8       0x14 c:/ti/tirex-content/energia-1.6.10e18/hardware/tools/msp430/bin/../lib/gcc/msp430/4.6.3\libgcc.a(_mulhi3.o)
 .debug_aranges
                0x000003ec       0x14 c:/ti/tirex-content/energia-1.6.10e18/hardware/tools/msp430/bin/../lib/gcc/msp430/4.6.3\libgcc.a(_mulsi3.o)
 .debug_aranges
                0x00000400       0x14 c:/ti/tirex-content/energia-1.6.10e18/hardware/tools/msp430/bin/../lib/gcc/msp430/4.6.3\libgcc.a(_udivmod16.o)
 .debug_aranges
                0x00000414       0x14 c:/ti/tirex-content/energia-1.6.10e18/hardware/tools/msp430/bin/../lib/gcc/msp430/4.6.3\libgcc.a(_udivmod32.o)
 .debug_aranges
                0x00000428       0x14 c:/ti/tirex-content/energia-1.6.10e18/hardware/tools/msp430/bin/../lib/gcc/msp430/4.6.3\libgcc.a(_fixunssfsi.o)
 .debug_aranges
                0x0000043c       0x14 c:/ti/tirex-content/energia-1.6.10e18/hardware/tools/msp430/bin/../lib/gcc/msp430/4.6.3\libgcc.a(_addsub_sf.o)
 .debug_aranges
                0x00000450       0x14 c:/ti/tirex-content/energia-1.6.10e18/hardware/tools/msp430/bin/../lib/gcc/msp430/4.6.3\libgcc.a(_mul_sf.o)
 .debug_aranges
                0x00000464       0x14 c:/ti/tirex-content/energia-1.6.10e18/hardware/tools/msp430/bin/../lib/gcc/msp430/4.6.3\libgcc.a(_div_sf.o)
 .debug_aranges
                0x00000478       0x14 c:/ti/tirex-content/energia-1.6.10e18/hardware/tools/msp430/bin/../lib/gcc/msp430/4.6.3\libgcc.a(_gt_sf.o)
 .debug_aranges
                0x0000048c       0x14 c:/ti/tirex-content/energia-1.6.10e18/hardware/tools/msp430/bin/../lib/gcc/msp430/4.6.3\libgcc.a(_ge_sf.o)
 .debug_aranges
                0x000004a0       0x14 c:/ti/tirex-content/energia-1.6.10e18/hardware/tools/msp430/bin/../lib/gcc/msp430/4.6.3\libgcc.a(_lt_sf.o)
 .debug_aranges
                0x000004b4       0x14 c:/ti/tirex-content/energia-1.6.10e18/hardware/tools/msp430/bin/../lib/gcc/msp430/4.6.3\libgcc.a(_le_sf.o)
 .debug_aranges
                0x000004c8       0x14 c:/ti/tirex-content/energia-1.6.10e18/hardware/tools/msp430/bin/../lib/gcc/msp430/4.6.3\libgcc.a(_si_to_sf.o)
 .debug_aranges
                0x000004dc       0x14 c:/ti/tirex-content/energia-1.6.10e18/hardware/tools/msp430/bin/../lib/gcc/msp430/4.6.3\libgcc.a(_sf_to_si.o)
 .debug_aranges
                0x000004f0       0x14 c:/ti/tirex-content/energia-1.6.10e18/hardware/tools/msp430/bin/../lib/gcc/msp430/4.6.3\libgcc.a(_usi_to_sf.o)
 .debug_aranges
                0x00000504       0x14 c:/ti/tirex-content/energia-1.6.10e18/hardware/tools/msp430/bin/../lib/gcc/msp430/4.6.3\libgcc.a(_clzsi2.o)
 .debug_aranges
                0x00000518       0x14 c:/ti/tirex-content/energia-1.6.10e18/hardware/tools/msp430/bin/../lib/gcc/msp430/4.6.3\libgcc.a(_pack_sf.o)
 .debug_aranges
                0x0000052c       0x14 c:/ti/tirex-content/energia-1.6.10e18/hardware/tools/msp430/bin/../lib/gcc/msp430/4.6.3\libgcc.a(_unpack_sf.o)
 .debug_aranges
                0x00000540       0x14 c:/ti/tirex-content/energia-1.6.10e18/hardware/tools/msp430/bin/../lib/gcc/msp430/4.6.3\libgcc.a(_fpcmp_parts_sf.o)
 .debug_aranges
                0x00000554       0x14 c:/ti/tirex-content/energia-1.6.10e18/hardware/tools/msp430/bin/../lib/gcc/msp430/4.6.3/../../../../msp430/lib\libc.a(strchr.o)
 .debug_aranges
                0x00000568       0x14 c:/ti/tirex-content/energia-1.6.10e18/hardware/tools/msp430/bin/../lib/gcc/msp430/4.6.3/../../../../msp430/lib\libc.a(strcmp.o)
 .debug_aranges
                0x0000057c       0x14 c:/ti/tirex-content/energia-1.6.10e18/hardware/tools/msp430/bin/../lib/gcc/msp430/4.6.3/../../../../msp430/lib\libc.a(strncmp.o)
 .debug_aranges
                0x00000590       0x14 c:/ti/tirex-content/energia-1.6.10e18/hardware/tools/msp430/bin/../lib/gcc/msp430/4.6.3/../../../../msp430/lib\libc.a(strcpy.o)
 .debug_aranges
                0x000005a4       0x14 c:/ti/tirex-content/energia-1.6.10e18/hardware/tools/msp430/bin/../lib/gcc/msp430/4.6.3/../../../../msp430/lib\libc.a(strncpy.o)
 .debug_aranges
                0x000005b8       0x14 c:/ti/tirex-content/energia-1.6.10e18/hardware/tools/msp430/bin/../lib/gcc/msp430/4.6.3/../../../../msp430/lib\libc.a(memcpy.o)
 .debug_aranges
                0x000005cc       0x14 c:/ti/tirex-content/energia-1.6.10e18/hardware/tools/msp430/bin/../lib/gcc/msp430/4.6.3/../../../../msp430/lib\libc.a(memmove.o)
 .debug_aranges
                0x000005e0       0x14 c:/ti/tirex-content/energia-1.6.10e18/hardware/tools/msp430/bin/../lib/gcc/msp430/4.6.3/../../../../msp430/lib\libc.a(strrchr.o)
 .debug_aranges
                0x000005f4       0x14 c:/ti/tirex-content/energia-1.6.10e18/hardware/tools/msp430/bin/../lib/gcc/msp430/4.6.3/../../../../msp430/lib\libc.a(strstr.o)
 .debug_aranges
                0x00000608       0x14 c:/ti/tirex-content/energia-1.6.10e18/hardware/tools/msp430/bin/../lib/gcc/msp430/4.6.3/../../../../msp430/lib\libc.a(atol.o)
 .debug_aranges
                0x0000061c       0x14 c:/ti/tirex-content/energia-1.6.10e18/hardware/tools/msp430/bin/../lib/gcc/msp430/4.6.3/../../../../msp430/lib\libc.a(malloc.o)
 .debug_aranges
                0x00000630       0x14 c:/ti/tirex-content/energia-1.6.10e18/hardware/tools/msp430/bin/../lib/gcc/msp430/4.6.3/../../../../msp430/lib\libc.a(strtol.o)
 .debug_aranges
                0x00000644       0x14 c:/ti/tirex-content/energia-1.6.10e18/hardware/tools/msp430/bin/../lib/gcc/msp430/4.6.3/../../../../msp430/lib\libc.a(sprintf.o)
 .debug_aranges
                0x00000658       0x14 c:/ti/tirex-content/energia-1.6.10e18/hardware/tools/msp430/bin/../lib/gcc/msp430/4.6.3/../../../../msp430/lib\libc.a(vuprintf.o)
 .debug_aranges
                0x0000066c       0x14 c:/ti/tirex-content/energia-1.6.10e18/hardware/tools/msp430/bin/../lib/gcc/msp430/4.6.3\libgcc.a(_divmod32.o)
 .debug_aranges
                0x00000680       0x14 c:/ti/tirex-content/energia-1.6.10e18/hardware/tools/msp430/bin/../lib/gcc/msp430/4.6.3\libgcc.a(_udivmod64.o)
 .debug_aranges
                0x00000694       0x14 c:/ti/tirex-content/energia-1.6.10e18/hardware/tools/msp430/bin/../lib/gcc/msp430/4.6.3\libcrt0.a(__watchdog_support.o)
 .debug_aranges
                0x000006a8       0x14 c:/ti/tirex-content/energia-1.6.10e18/hardware/tools/msp430/bin/../lib/gcc/msp430/4.6.3\libcrt0.a(__init_stack.o)
 .debug_aranges
                0x000006bc       0x14 c:/ti/tirex-content/energia-1.6.10e18/hardware/tools/msp430/bin/../lib/gcc/msp430/4.6.3\libcrt0.a(_copy_data.o)
 .debug_aranges
                0x000006d0       0x14 c:/ti/tirex-content/energia-1.6.10e18/hardware/tools/msp430/bin/../lib/gcc/msp430/4.6.3\libcrt0.a(_clear_bss.o)
 .debug_aranges
                0x000006e4       0x14 c:/ti/tirex-content/energia-1.6.10e18/hardware/tools/msp430/bin/../lib/gcc/msp430/4.6.3\libcrt0.a(_endless_loop__.o)
 .debug_aranges
                0x000006f8       0x14 c:/ti/tirex-content/energia-1.6.10e18/hardware/tools/msp430/bin/../lib/gcc/msp430/4.6.3\libcrt0.a(_unexpected_.o)
 .debug_aranges
                0x0000070c       0x14 c:/ti/tirex-content/energia-1.6.10e18/hardware/tools/msp430/bin/../lib/gcc/msp430/4.6.3\libcrt0.a(_ctors430.o)

.debug_pubnames
 *(.debug_pubnames)

.debug_info     0x00000000     0xd2d1
 *(.debug_info)
 .debug_info    0x00000000      0x2fd ./PullUP.o
 .debug_info    0x000002fd      0x5f7 C:/Users/ErnestoVM/Documents/CCS/lpmsp430g2553_core/Debug\liblpmsp430g2553_core.a(wiring.o)
 .debug_info    0x000008f4      0x763 C:/Users/ErnestoVM/Documents/CCS/lpmsp430g2553_core/Debug\liblpmsp430g2553_core.a(wiring_digital.o)
 .debug_info    0x00001057     0x1ae5 C:/Users/ErnestoVM/Documents/CCS/lpmsp430g2553_core/Debug\liblpmsp430g2553_core.a(HardwareSerial.o)
 .debug_info    0x00002b3c      0x277 C:/Users/ErnestoVM/Documents/CCS/lpmsp430g2553_core/Debug\liblpmsp430g2553_core.a(main.o)
 .debug_info    0x00002db3     0x1e3a C:/Users/ErnestoVM/Documents/CCS/lpmsp430g2553_core/Debug\liblpmsp430g2553_core.a(Print.o)
 .debug_info    0x00004bed     0x2a47 C:/Users/ErnestoVM/Documents/CCS/lpmsp430g2553_core/Debug\liblpmsp430g2553_core.a(WString.o)
 .debug_info    0x00007634       0xd8 C:/Users/ErnestoVM/Documents/CCS/lpmsp430g2553_core/Debug\liblpmsp430g2553_core.a(atof.o)
 .debug_info    0x0000770c      0x14d C:/Users/ErnestoVM/Documents/CCS/lpmsp430g2553_core/Debug\liblpmsp430g2553_core.a(dtostrf.o)
 .debug_info    0x00007859      0x221 C:/Users/ErnestoVM/Documents/CCS/lpmsp430g2553_core/Debug\liblpmsp430g2553_core.a(itoa.o)
 .debug_info    0x00007a7a      0x319 C:/Users/ErnestoVM/Documents/CCS/lpmsp430g2553_core/Debug\liblpmsp430g2553_core.a(usci_isr_handler.o)
 .debug_info    0x00007d93      0x140 C:/Users/ErnestoVM/Documents/CCS/lpmsp430g2553_core/Debug\liblpmsp430g2553_core.a(new.o)
 .debug_info    0x00007ed3      0x5cd C:/Users/ErnestoVM/Documents/CCS/lpmsp430g2553_core/Debug\liblpmsp430g2553_core.a(twi.o)
 .debug_info    0x000084a0      0x428 C:/Users/ErnestoVM/Documents/CCS/lpmsp430g2553_core/Debug\liblpmsp430g2553_core.a(twi_sw.o)
 .debug_info    0x000088c8      0x5ea c:/ti/tirex-content/energia-1.6.10e18/hardware/tools/msp430/bin/../lib/gcc/msp430/4.6.3/../../../../msp430/lib\libm.a(ef_pow.o)
 .debug_info    0x00008eb2      0x1e4 c:/ti/tirex-content/energia-1.6.10e18/hardware/tools/msp430/bin/../lib/gcc/msp430/4.6.3/../../../../msp430/lib\libm.a(sf_scalbn.o)
 .debug_info    0x00009096      0x208 c:/ti/tirex-content/energia-1.6.10e18/hardware/tools/msp430/bin/../lib/gcc/msp430/4.6.3/../../../../msp430/lib\libm.a(ef_sqrt.o)
 .debug_info    0x0000929e       0x8d c:/ti/tirex-content/energia-1.6.10e18/hardware/tools/msp430/bin/../lib/gcc/msp430/4.6.3\libgcc.a(_mulqi3.o)
 .debug_info    0x0000932b       0x8d c:/ti/tirex-content/energia-1.6.10e18/hardware/tools/msp430/bin/../lib/gcc/msp430/4.6.3\libgcc.a(_mulhi3.o)
 .debug_info    0x000093b8       0x8d c:/ti/tirex-content/energia-1.6.10e18/hardware/tools/msp430/bin/../lib/gcc/msp430/4.6.3\libgcc.a(_mulsi3.o)
 .debug_info    0x00009445       0x8d c:/ti/tirex-content/energia-1.6.10e18/hardware/tools/msp430/bin/../lib/gcc/msp430/4.6.3\libgcc.a(_udivmod16.o)
 .debug_info    0x000094d2       0x8d c:/ti/tirex-content/energia-1.6.10e18/hardware/tools/msp430/bin/../lib/gcc/msp430/4.6.3\libgcc.a(_udivmod32.o)
 .debug_info    0x0000955f       0xb5 c:/ti/tirex-content/energia-1.6.10e18/hardware/tools/msp430/bin/../lib/gcc/msp430/4.6.3\libgcc.a(_fixunssfsi.o)
 .debug_info    0x00009614      0x425 c:/ti/tirex-content/energia-1.6.10e18/hardware/tools/msp430/bin/../lib/gcc/msp430/4.6.3\libgcc.a(_addsub_sf.o)
 .debug_info    0x00009a39      0x3c9 c:/ti/tirex-content/energia-1.6.10e18/hardware/tools/msp430/bin/../lib/gcc/msp430/4.6.3\libgcc.a(_mul_sf.o)
 .debug_info    0x00009e02      0x35c c:/ti/tirex-content/energia-1.6.10e18/hardware/tools/msp430/bin/../lib/gcc/msp430/4.6.3\libgcc.a(_div_sf.o)
 .debug_info    0x0000a15e      0x26e c:/ti/tirex-content/energia-1.6.10e18/hardware/tools/msp430/bin/../lib/gcc/msp430/4.6.3\libgcc.a(_gt_sf.o)
 .debug_info    0x0000a3cc      0x26e c:/ti/tirex-content/energia-1.6.10e18/hardware/tools/msp430/bin/../lib/gcc/msp430/4.6.3\libgcc.a(_ge_sf.o)
 .debug_info    0x0000a63a      0x26e c:/ti/tirex-content/energia-1.6.10e18/hardware/tools/msp430/bin/../lib/gcc/msp430/4.6.3\libgcc.a(_lt_sf.o)
 .debug_info    0x0000a8a8      0x26e c:/ti/tirex-content/energia-1.6.10e18/hardware/tools/msp430/bin/../lib/gcc/msp430/4.6.3\libgcc.a(_le_sf.o)
 .debug_info    0x0000ab16      0x20b c:/ti/tirex-content/energia-1.6.10e18/hardware/tools/msp430/bin/../lib/gcc/msp430/4.6.3\libgcc.a(_si_to_sf.o)
 .debug_info    0x0000ad21      0x289 c:/ti/tirex-content/energia-1.6.10e18/hardware/tools/msp430/bin/../lib/gcc/msp430/4.6.3\libgcc.a(_sf_to_si.o)
 .debug_info    0x0000afaa      0x144 c:/ti/tirex-content/energia-1.6.10e18/hardware/tools/msp430/bin/../lib/gcc/msp430/4.6.3\libgcc.a(_thenan_sf.o)
 .debug_info    0x0000b0ee      0x204 c:/ti/tirex-content/energia-1.6.10e18/hardware/tools/msp430/bin/../lib/gcc/msp430/4.6.3\libgcc.a(_usi_to_sf.o)
 .debug_info    0x0000b2f2      0x109 c:/ti/tirex-content/energia-1.6.10e18/hardware/tools/msp430/bin/../lib/gcc/msp430/4.6.3\libgcc.a(_clzsi2.o)
 .debug_info    0x0000b3fb      0x2b1 c:/ti/tirex-content/energia-1.6.10e18/hardware/tools/msp430/bin/../lib/gcc/msp430/4.6.3\libgcc.a(_pack_sf.o)
 .debug_info    0x0000b6ac      0x23e c:/ti/tirex-content/energia-1.6.10e18/hardware/tools/msp430/bin/../lib/gcc/msp430/4.6.3\libgcc.a(_unpack_sf.o)
 .debug_info    0x0000b8ea      0x1d5 c:/ti/tirex-content/energia-1.6.10e18/hardware/tools/msp430/bin/../lib/gcc/msp430/4.6.3\libgcc.a(_fpcmp_parts_sf.o)
 .debug_info    0x0000babf       0xa0 c:/ti/tirex-content/energia-1.6.10e18/hardware/tools/msp430/bin/../lib/gcc/msp430/4.6.3\libgcc.a(_clz.o)
 .debug_info    0x0000bb5f       0xa7 c:/ti/tirex-content/energia-1.6.10e18/hardware/tools/msp430/bin/../lib/gcc/msp430/4.6.3/../../../../msp430/lib\libc.a(strchr.o)
 .debug_info    0x0000bc06       0xa4 c:/ti/tirex-content/energia-1.6.10e18/hardware/tools/msp430/bin/../lib/gcc/msp430/4.6.3/../../../../msp430/lib\libc.a(strcmp.o)
 .debug_info    0x0000bcaa       0xbb c:/ti/tirex-content/energia-1.6.10e18/hardware/tools/msp430/bin/../lib/gcc/msp430/4.6.3/../../../../msp430/lib\libc.a(strncmp.o)
 .debug_info    0x0000bd65       0xb6 c:/ti/tirex-content/energia-1.6.10e18/hardware/tools/msp430/bin/../lib/gcc/msp430/4.6.3/../../../../msp430/lib\libc.a(strcpy.o)
 .debug_info    0x0000be1b       0xe1 c:/ti/tirex-content/energia-1.6.10e18/hardware/tools/msp430/bin/../lib/gcc/msp430/4.6.3/../../../../msp430/lib\libc.a(strncpy.o)
 .debug_info    0x0000befc      0x113 c:/ti/tirex-content/energia-1.6.10e18/hardware/tools/msp430/bin/../lib/gcc/msp430/4.6.3/../../../../msp430/lib\libc.a(memcpy.o)
 .debug_info    0x0000c00f      0x113 c:/ti/tirex-content/energia-1.6.10e18/hardware/tools/msp430/bin/../lib/gcc/msp430/4.6.3/../../../../msp430/lib\libc.a(memmove.o)
 .debug_info    0x0000c122       0xb7 c:/ti/tirex-content/energia-1.6.10e18/hardware/tools/msp430/bin/../lib/gcc/msp430/4.6.3/../../../../msp430/lib\libc.a(strrchr.o)
 .debug_info    0x0000c1d9       0xe0 c:/ti/tirex-content/energia-1.6.10e18/hardware/tools/msp430/bin/../lib/gcc/msp430/4.6.3/../../../../msp430/lib\libc.a(strstr.o)
 .debug_info    0x0000c2b9       0x95 c:/ti/tirex-content/energia-1.6.10e18/hardware/tools/msp430/bin/../lib/gcc/msp430/4.6.3/../../../../msp430/lib\libc.a(atol.o)
 .debug_info    0x0000c34e      0x151 c:/ti/tirex-content/energia-1.6.10e18/hardware/tools/msp430/bin/../lib/gcc/msp430/4.6.3/../../../../msp430/lib\libc.a(malloc.o)
 .debug_info    0x0000c49f      0x1d7 c:/ti/tirex-content/energia-1.6.10e18/hardware/tools/msp430/bin/../lib/gcc/msp430/4.6.3/../../../../msp430/lib\libc.a(strtol.o)
 .debug_info    0x0000c676      0x277 c:/ti/tirex-content/energia-1.6.10e18/hardware/tools/msp430/bin/../lib/gcc/msp430/4.6.3/../../../../msp430/lib\libc.a(sprintf.o)
 .debug_info    0x0000c8ed      0x565 c:/ti/tirex-content/energia-1.6.10e18/hardware/tools/msp430/bin/../lib/gcc/msp430/4.6.3/../../../../msp430/lib\libc.a(vuprintf.o)
 .debug_info    0x0000ce52       0x39 c:/ti/tirex-content/energia-1.6.10e18/hardware/tools/msp430/bin/../lib/gcc/msp430/4.6.3/../../../../msp430/lib\libc.a(errno.o)
 .debug_info    0x0000ce8b       0x8d c:/ti/tirex-content/energia-1.6.10e18/hardware/tools/msp430/bin/../lib/gcc/msp430/4.6.3\libgcc.a(_divmod32.o)
 .debug_info    0x0000cf18       0x8d c:/ti/tirex-content/energia-1.6.10e18/hardware/tools/msp430/bin/../lib/gcc/msp430/4.6.3\libgcc.a(_udivmod64.o)
 .debug_info    0x0000cfa5       0x74 c:/ti/tirex-content/energia-1.6.10e18/hardware/tools/msp430/bin/../lib/gcc/msp430/4.6.3\libcrt0.a(__watchdog_support.o)
 .debug_info    0x0000d019       0x74 c:/ti/tirex-content/energia-1.6.10e18/hardware/tools/msp430/bin/../lib/gcc/msp430/4.6.3\libcrt0.a(__init_stack.o)
 .debug_info    0x0000d08d       0x74 c:/ti/tirex-content/energia-1.6.10e18/hardware/tools/msp430/bin/../lib/gcc/msp430/4.6.3\libcrt0.a(_copy_data.o)
 .debug_info    0x0000d101       0x74 c:/ti/tirex-content/energia-1.6.10e18/hardware/tools/msp430/bin/../lib/gcc/msp430/4.6.3\libcrt0.a(_clear_bss.o)
 .debug_info    0x0000d175       0x74 c:/ti/tirex-content/energia-1.6.10e18/hardware/tools/msp430/bin/../lib/gcc/msp430/4.6.3\libcrt0.a(_endless_loop__.o)
 .debug_info    0x0000d1e9       0x74 c:/ti/tirex-content/energia-1.6.10e18/hardware/tools/msp430/bin/../lib/gcc/msp430/4.6.3\libcrt0.a(_unexpected_.o)
 .debug_info    0x0000d25d       0x74 c:/ti/tirex-content/energia-1.6.10e18/hardware/tools/msp430/bin/../lib/gcc/msp430/4.6.3\libcrt0.a(_ctors430.o)
 *(.gnu.linkonce.wi.*)

.debug_abbrev   0x00000000     0x3b0d
 *(.debug_abbrev)
 .debug_abbrev  0x00000000      0x10e ./PullUP.o
 .debug_abbrev  0x0000010e      0x221 C:/Users/ErnestoVM/Documents/CCS/lpmsp430g2553_core/Debug\liblpmsp430g2553_core.a(wiring.o)
 .debug_abbrev  0x0000032f      0x15d C:/Users/ErnestoVM/Documents/CCS/lpmsp430g2553_core/Debug\liblpmsp430g2553_core.a(wiring_digital.o)
 .debug_abbrev  0x0000048c      0x46b C:/Users/ErnestoVM/Documents/CCS/lpmsp430g2553_core/Debug\liblpmsp430g2553_core.a(HardwareSerial.o)
 .debug_abbrev  0x000008f7       0x91 C:/Users/ErnestoVM/Documents/CCS/lpmsp430g2553_core/Debug\liblpmsp430g2553_core.a(main.o)
 .debug_abbrev  0x00000988      0x37c C:/Users/ErnestoVM/Documents/CCS/lpmsp430g2553_core/Debug\liblpmsp430g2553_core.a(Print.o)
 .debug_abbrev  0x00000d04      0x38f C:/Users/ErnestoVM/Documents/CCS/lpmsp430g2553_core/Debug\liblpmsp430g2553_core.a(WString.o)
 .debug_abbrev  0x00001093       0x85 C:/Users/ErnestoVM/Documents/CCS/lpmsp430g2553_core/Debug\liblpmsp430g2553_core.a(atof.o)
 .debug_abbrev  0x00001118       0xeb C:/Users/ErnestoVM/Documents/CCS/lpmsp430g2553_core/Debug\liblpmsp430g2553_core.a(dtostrf.o)
 .debug_abbrev  0x00001203       0xaf C:/Users/ErnestoVM/Documents/CCS/lpmsp430g2553_core/Debug\liblpmsp430g2553_core.a(itoa.o)
 .debug_abbrev  0x000012b2      0x104 C:/Users/ErnestoVM/Documents/CCS/lpmsp430g2553_core/Debug\liblpmsp430g2553_core.a(usci_isr_handler.o)
 .debug_abbrev  0x000013b6       0xee C:/Users/ErnestoVM/Documents/CCS/lpmsp430g2553_core/Debug\liblpmsp430g2553_core.a(new.o)
 .debug_abbrev  0x000014a4      0x1cd C:/Users/ErnestoVM/Documents/CCS/lpmsp430g2553_core/Debug\liblpmsp430g2553_core.a(twi.o)
 .debug_abbrev  0x00001671       0xfa C:/Users/ErnestoVM/Documents/CCS/lpmsp430g2553_core/Debug\liblpmsp430g2553_core.a(twi_sw.o)
 .debug_abbrev  0x0000176b      0x140 c:/ti/tirex-content/energia-1.6.10e18/hardware/tools/msp430/bin/../lib/gcc/msp430/4.6.3/../../../../msp430/lib\libm.a(ef_pow.o)
 .debug_abbrev  0x000018ab       0xf4 c:/ti/tirex-content/energia-1.6.10e18/hardware/tools/msp430/bin/../lib/gcc/msp430/4.6.3/../../../../msp430/lib\libm.a(sf_scalbn.o)
 .debug_abbrev  0x0000199f      0x14a c:/ti/tirex-content/energia-1.6.10e18/hardware/tools/msp430/bin/../lib/gcc/msp430/4.6.3/../../../../msp430/lib\libm.a(ef_sqrt.o)
 .debug_abbrev  0x00001ae9       0x14 c:/ti/tirex-content/energia-1.6.10e18/hardware/tools/msp430/bin/../lib/gcc/msp430/4.6.3\libgcc.a(_mulqi3.o)
 .debug_abbrev  0x00001afd       0x14 c:/ti/tirex-content/energia-1.6.10e18/hardware/tools/msp430/bin/../lib/gcc/msp430/4.6.3\libgcc.a(_mulhi3.o)
 .debug_abbrev  0x00001b11       0x14 c:/ti/tirex-content/energia-1.6.10e18/hardware/tools/msp430/bin/../lib/gcc/msp430/4.6.3\libgcc.a(_mulsi3.o)
 .debug_abbrev  0x00001b25       0x14 c:/ti/tirex-content/energia-1.6.10e18/hardware/tools/msp430/bin/../lib/gcc/msp430/4.6.3\libgcc.a(_udivmod16.o)
 .debug_abbrev  0x00001b39       0x14 c:/ti/tirex-content/energia-1.6.10e18/hardware/tools/msp430/bin/../lib/gcc/msp430/4.6.3\libgcc.a(_udivmod32.o)
 .debug_abbrev  0x00001b4d       0x5d c:/ti/tirex-content/energia-1.6.10e18/hardware/tools/msp430/bin/../lib/gcc/msp430/4.6.3\libgcc.a(_fixunssfsi.o)
 .debug_abbrev  0x00001baa      0x1ab c:/ti/tirex-content/energia-1.6.10e18/hardware/tools/msp430/bin/../lib/gcc/msp430/4.6.3\libgcc.a(_addsub_sf.o)
 .debug_abbrev  0x00001d55      0x1d9 c:/ti/tirex-content/energia-1.6.10e18/hardware/tools/msp430/bin/../lib/gcc/msp430/4.6.3\libgcc.a(_mul_sf.o)
 .debug_abbrev  0x00001f2e      0x1c4 c:/ti/tirex-content/energia-1.6.10e18/hardware/tools/msp430/bin/../lib/gcc/msp430/4.6.3\libgcc.a(_div_sf.o)
 .debug_abbrev  0x000020f2      0x151 c:/ti/tirex-content/energia-1.6.10e18/hardware/tools/msp430/bin/../lib/gcc/msp430/4.6.3\libgcc.a(_gt_sf.o)
 .debug_abbrev  0x00002243      0x151 c:/ti/tirex-content/energia-1.6.10e18/hardware/tools/msp430/bin/../lib/gcc/msp430/4.6.3\libgcc.a(_ge_sf.o)
 .debug_abbrev  0x00002394      0x151 c:/ti/tirex-content/energia-1.6.10e18/hardware/tools/msp430/bin/../lib/gcc/msp430/4.6.3\libgcc.a(_lt_sf.o)
 .debug_abbrev  0x000024e5      0x151 c:/ti/tirex-content/energia-1.6.10e18/hardware/tools/msp430/bin/../lib/gcc/msp430/4.6.3\libgcc.a(_le_sf.o)
 .debug_abbrev  0x00002636      0x164 c:/ti/tirex-content/energia-1.6.10e18/hardware/tools/msp430/bin/../lib/gcc/msp430/4.6.3\libgcc.a(_si_to_sf.o)
 .debug_abbrev  0x0000279a      0x160 c:/ti/tirex-content/energia-1.6.10e18/hardware/tools/msp430/bin/../lib/gcc/msp430/4.6.3\libgcc.a(_sf_to_si.o)
 .debug_abbrev  0x000028fa       0xba c:/ti/tirex-content/energia-1.6.10e18/hardware/tools/msp430/bin/../lib/gcc/msp430/4.6.3\libgcc.a(_thenan_sf.o)
 .debug_abbrev  0x000029b4      0x173 c:/ti/tirex-content/energia-1.6.10e18/hardware/tools/msp430/bin/../lib/gcc/msp430/4.6.3\libgcc.a(_usi_to_sf.o)
 .debug_abbrev  0x00002b27       0xac c:/ti/tirex-content/energia-1.6.10e18/hardware/tools/msp430/bin/../lib/gcc/msp430/4.6.3\libgcc.a(_clzsi2.o)
 .debug_abbrev  0x00002bd3      0x192 c:/ti/tirex-content/energia-1.6.10e18/hardware/tools/msp430/bin/../lib/gcc/msp430/4.6.3\libgcc.a(_pack_sf.o)
 .debug_abbrev  0x00002d65      0x15a c:/ti/tirex-content/energia-1.6.10e18/hardware/tools/msp430/bin/../lib/gcc/msp430/4.6.3\libgcc.a(_unpack_sf.o)
 .debug_abbrev  0x00002ebf      0x10b c:/ti/tirex-content/energia-1.6.10e18/hardware/tools/msp430/bin/../lib/gcc/msp430/4.6.3\libgcc.a(_fpcmp_parts_sf.o)
 .debug_abbrev  0x00002fca       0x61 c:/ti/tirex-content/energia-1.6.10e18/hardware/tools/msp430/bin/../lib/gcc/msp430/4.6.3\libgcc.a(_clz.o)
 .debug_abbrev  0x0000302b       0x6f c:/ti/tirex-content/energia-1.6.10e18/hardware/tools/msp430/bin/../lib/gcc/msp430/4.6.3/../../../../msp430/lib\libc.a(strchr.o)
 .debug_abbrev  0x0000309a       0x60 c:/ti/tirex-content/energia-1.6.10e18/hardware/tools/msp430/bin/../lib/gcc/msp430/4.6.3/../../../../msp430/lib\libc.a(strcmp.o)
 .debug_abbrev  0x000030fa       0x7c c:/ti/tirex-content/energia-1.6.10e18/hardware/tools/msp430/bin/../lib/gcc/msp430/4.6.3/../../../../msp430/lib\libc.a(strncmp.o)
 .debug_abbrev  0x00003176       0x7e c:/ti/tirex-content/energia-1.6.10e18/hardware/tools/msp430/bin/../lib/gcc/msp430/4.6.3/../../../../msp430/lib\libc.a(strcpy.o)
 .debug_abbrev  0x000031f4       0x94 c:/ti/tirex-content/energia-1.6.10e18/hardware/tools/msp430/bin/../lib/gcc/msp430/4.6.3/../../../../msp430/lib\libc.a(strncpy.o)
 .debug_abbrev  0x00003288       0x97 c:/ti/tirex-content/energia-1.6.10e18/hardware/tools/msp430/bin/../lib/gcc/msp430/4.6.3/../../../../msp430/lib\libc.a(memcpy.o)
 .debug_abbrev  0x0000331f       0x97 c:/ti/tirex-content/energia-1.6.10e18/hardware/tools/msp430/bin/../lib/gcc/msp430/4.6.3/../../../../msp430/lib\libc.a(memmove.o)
 .debug_abbrev  0x000033b6       0x7e c:/ti/tirex-content/energia-1.6.10e18/hardware/tools/msp430/bin/../lib/gcc/msp430/4.6.3/../../../../msp430/lib\libc.a(strrchr.o)
 .debug_abbrev  0x00003434       0x8b c:/ti/tirex-content/energia-1.6.10e18/hardware/tools/msp430/bin/../lib/gcc/msp430/4.6.3/../../../../msp430/lib\libc.a(strstr.o)
 .debug_abbrev  0x000034bf       0x60 c:/ti/tirex-content/energia-1.6.10e18/hardware/tools/msp430/bin/../lib/gcc/msp430/4.6.3/../../../../msp430/lib\libc.a(atol.o)
 .debug_abbrev  0x0000351f      0x104 c:/ti/tirex-content/energia-1.6.10e18/hardware/tools/msp430/bin/../lib/gcc/msp430/4.6.3/../../../../msp430/lib\libc.a(malloc.o)
 .debug_abbrev  0x00003623      0x112 c:/ti/tirex-content/energia-1.6.10e18/hardware/tools/msp430/bin/../lib/gcc/msp430/4.6.3/../../../../msp430/lib\libc.a(strtol.o)
 .debug_abbrev  0x00003735      0x105 c:/ti/tirex-content/energia-1.6.10e18/hardware/tools/msp430/bin/../lib/gcc/msp430/4.6.3/../../../../msp430/lib\libc.a(sprintf.o)
 .debug_abbrev  0x0000383a      0x1ef c:/ti/tirex-content/energia-1.6.10e18/hardware/tools/msp430/bin/../lib/gcc/msp430/4.6.3/../../../../msp430/lib\libc.a(vuprintf.o)
 .debug_abbrev  0x00003a29       0x30 c:/ti/tirex-content/energia-1.6.10e18/hardware/tools/msp430/bin/../lib/gcc/msp430/4.6.3/../../../../msp430/lib\libc.a(errno.o)
 .debug_abbrev  0x00003a59       0x14 c:/ti/tirex-content/energia-1.6.10e18/hardware/tools/msp430/bin/../lib/gcc/msp430/4.6.3\libgcc.a(_divmod32.o)
 .debug_abbrev  0x00003a6d       0x14 c:/ti/tirex-content/energia-1.6.10e18/hardware/tools/msp430/bin/../lib/gcc/msp430/4.6.3\libgcc.a(_udivmod64.o)
 .debug_abbrev  0x00003a81       0x14 c:/ti/tirex-content/energia-1.6.10e18/hardware/tools/msp430/bin/../lib/gcc/msp430/4.6.3\libcrt0.a(__watchdog_support.o)
 .debug_abbrev  0x00003a95       0x14 c:/ti/tirex-content/energia-1.6.10e18/hardware/tools/msp430/bin/../lib/gcc/msp430/4.6.3\libcrt0.a(__init_stack.o)
 .debug_abbrev  0x00003aa9       0x14 c:/ti/tirex-content/energia-1.6.10e18/hardware/tools/msp430/bin/../lib/gcc/msp430/4.6.3\libcrt0.a(_copy_data.o)
 .debug_abbrev  0x00003abd       0x14 c:/ti/tirex-content/energia-1.6.10e18/hardware/tools/msp430/bin/../lib/gcc/msp430/4.6.3\libcrt0.a(_clear_bss.o)
 .debug_abbrev  0x00003ad1       0x14 c:/ti/tirex-content/energia-1.6.10e18/hardware/tools/msp430/bin/../lib/gcc/msp430/4.6.3\libcrt0.a(_endless_loop__.o)
 .debug_abbrev  0x00003ae5       0x14 c:/ti/tirex-content/energia-1.6.10e18/hardware/tools/msp430/bin/../lib/gcc/msp430/4.6.3\libcrt0.a(_unexpected_.o)
 .debug_abbrev  0x00003af9       0x14 c:/ti/tirex-content/energia-1.6.10e18/hardware/tools/msp430/bin/../lib/gcc/msp430/4.6.3\libcrt0.a(_ctors430.o)

.debug_line     0x00000000     0x4041
 *(.debug_line)
 .debug_line    0x00000000      0x1ea ./PullUP.o
 .debug_line    0x000001ea      0x2c0 C:/Users/ErnestoVM/Documents/CCS/lpmsp430g2553_core/Debug\liblpmsp430g2553_core.a(wiring.o)
 .debug_line    0x000004aa      0x1f3 C:/Users/ErnestoVM/Documents/CCS/lpmsp430g2553_core/Debug\liblpmsp430g2553_core.a(wiring_digital.o)
 .debug_line    0x0000069d      0x328 C:/Users/ErnestoVM/Documents/CCS/lpmsp430g2553_core/Debug\liblpmsp430g2553_core.a(HardwareSerial.o)
 .debug_line    0x000009c5      0x158 C:/Users/ErnestoVM/Documents/CCS/lpmsp430g2553_core/Debug\liblpmsp430g2553_core.a(main.o)
 .debug_line    0x00000b1d      0x3ce C:/Users/ErnestoVM/Documents/CCS/lpmsp430g2553_core/Debug\liblpmsp430g2553_core.a(Print.o)
 .debug_line    0x00000eeb      0x7db C:/Users/ErnestoVM/Documents/CCS/lpmsp430g2553_core/Debug\liblpmsp430g2553_core.a(WString.o)
 .debug_line    0x000016c6       0xd4 C:/Users/ErnestoVM/Documents/CCS/lpmsp430g2553_core/Debug\liblpmsp430g2553_core.a(atof.o)
 .debug_line    0x0000179a      0x119 C:/Users/ErnestoVM/Documents/CCS/lpmsp430g2553_core/Debug\liblpmsp430g2553_core.a(dtostrf.o)
 .debug_line    0x000018b3       0xef C:/Users/ErnestoVM/Documents/CCS/lpmsp430g2553_core/Debug\liblpmsp430g2553_core.a(itoa.o)
 .debug_line    0x000019a2      0x1b9 C:/Users/ErnestoVM/Documents/CCS/lpmsp430g2553_core/Debug\liblpmsp430g2553_core.a(usci_isr_handler.o)
 .debug_line    0x00001b5b      0x132 C:/Users/ErnestoVM/Documents/CCS/lpmsp430g2553_core/Debug\liblpmsp430g2553_core.a(new.o)
 .debug_line    0x00001c8d      0x2c8 C:/Users/ErnestoVM/Documents/CCS/lpmsp430g2553_core/Debug\liblpmsp430g2553_core.a(twi.o)
 .debug_line    0x00001f55      0x21d C:/Users/ErnestoVM/Documents/CCS/lpmsp430g2553_core/Debug\liblpmsp430g2553_core.a(twi_sw.o)
 .debug_line    0x00002172      0x1c6 c:/ti/tirex-content/energia-1.6.10e18/hardware/tools/msp430/bin/../lib/gcc/msp430/4.6.3/../../../../msp430/lib\libm.a(ef_pow.o)
 .debug_line    0x00002338       0x97 c:/ti/tirex-content/energia-1.6.10e18/hardware/tools/msp430/bin/../lib/gcc/msp430/4.6.3/../../../../msp430/lib\libm.a(sf_scalbn.o)
 .debug_line    0x000023cf       0xb7 c:/ti/tirex-content/energia-1.6.10e18/hardware/tools/msp430/bin/../lib/gcc/msp430/4.6.3/../../../../msp430/lib\libm.a(ef_sqrt.o)
 .debug_line    0x00002486       0x73 c:/ti/tirex-content/energia-1.6.10e18/hardware/tools/msp430/bin/../lib/gcc/msp430/4.6.3\libgcc.a(_mulqi3.o)
 .debug_line    0x000024f9       0x74 c:/ti/tirex-content/energia-1.6.10e18/hardware/tools/msp430/bin/../lib/gcc/msp430/4.6.3\libgcc.a(_mulhi3.o)
 .debug_line    0x0000256d       0x7e c:/ti/tirex-content/energia-1.6.10e18/hardware/tools/msp430/bin/../lib/gcc/msp430/4.6.3\libgcc.a(_mulsi3.o)
 .debug_line    0x000025eb       0x77 c:/ti/tirex-content/energia-1.6.10e18/hardware/tools/msp430/bin/../lib/gcc/msp430/4.6.3\libgcc.a(_udivmod16.o)
 .debug_line    0x00002662       0x86 c:/ti/tirex-content/energia-1.6.10e18/hardware/tools/msp430/bin/../lib/gcc/msp430/4.6.3\libgcc.a(_udivmod32.o)
 .debug_line    0x000026e8       0x6f c:/ti/tirex-content/energia-1.6.10e18/hardware/tools/msp430/bin/../lib/gcc/msp430/4.6.3\libgcc.a(_fixunssfsi.o)
 .debug_line    0x00002757      0x117 c:/ti/tirex-content/energia-1.6.10e18/hardware/tools/msp430/bin/../lib/gcc/msp430/4.6.3\libgcc.a(_addsub_sf.o)
 .debug_line    0x0000286e      0x10f c:/ti/tirex-content/energia-1.6.10e18/hardware/tools/msp430/bin/../lib/gcc/msp430/4.6.3\libgcc.a(_mul_sf.o)
 .debug_line    0x0000297d       0xd1 c:/ti/tirex-content/energia-1.6.10e18/hardware/tools/msp430/bin/../lib/gcc/msp430/4.6.3\libgcc.a(_div_sf.o)
 .debug_line    0x00002a4e       0x89 c:/ti/tirex-content/energia-1.6.10e18/hardware/tools/msp430/bin/../lib/gcc/msp430/4.6.3\libgcc.a(_gt_sf.o)
 .debug_line    0x00002ad7       0x89 c:/ti/tirex-content/energia-1.6.10e18/hardware/tools/msp430/bin/../lib/gcc/msp430/4.6.3\libgcc.a(_ge_sf.o)
 .debug_line    0x00002b60       0x89 c:/ti/tirex-content/energia-1.6.10e18/hardware/tools/msp430/bin/../lib/gcc/msp430/4.6.3\libgcc.a(_lt_sf.o)
 .debug_line    0x00002be9       0x89 c:/ti/tirex-content/energia-1.6.10e18/hardware/tools/msp430/bin/../lib/gcc/msp430/4.6.3\libgcc.a(_le_sf.o)
 .debug_line    0x00002c72       0xa1 c:/ti/tirex-content/energia-1.6.10e18/hardware/tools/msp430/bin/../lib/gcc/msp430/4.6.3\libgcc.a(_si_to_sf.o)
 .debug_line    0x00002d13       0x97 c:/ti/tirex-content/energia-1.6.10e18/hardware/tools/msp430/bin/../lib/gcc/msp430/4.6.3\libgcc.a(_sf_to_si.o)
 .debug_line    0x00002daa       0x6c c:/ti/tirex-content/energia-1.6.10e18/hardware/tools/msp430/bin/../lib/gcc/msp430/4.6.3\libgcc.a(_thenan_sf.o)
 .debug_line    0x00002e16       0x9e c:/ti/tirex-content/energia-1.6.10e18/hardware/tools/msp430/bin/../lib/gcc/msp430/4.6.3\libgcc.a(_usi_to_sf.o)
 .debug_line    0x00002eb4       0x99 c:/ti/tirex-content/energia-1.6.10e18/hardware/tools/msp430/bin/../lib/gcc/msp430/4.6.3\libgcc.a(_clzsi2.o)
 .debug_line    0x00002f4d       0xda c:/ti/tirex-content/energia-1.6.10e18/hardware/tools/msp430/bin/../lib/gcc/msp430/4.6.3\libgcc.a(_pack_sf.o)
 .debug_line    0x00003027       0xb5 c:/ti/tirex-content/energia-1.6.10e18/hardware/tools/msp430/bin/../lib/gcc/msp430/4.6.3\libgcc.a(_unpack_sf.o)
 .debug_line    0x000030dc       0xc0 c:/ti/tirex-content/energia-1.6.10e18/hardware/tools/msp430/bin/../lib/gcc/msp430/4.6.3\libgcc.a(_fpcmp_parts_sf.o)
 .debug_line    0x0000319c       0x5b c:/ti/tirex-content/energia-1.6.10e18/hardware/tools/msp430/bin/../lib/gcc/msp430/4.6.3\libgcc.a(_clz.o)
 .debug_line    0x000031f7       0x44 c:/ti/tirex-content/energia-1.6.10e18/hardware/tools/msp430/bin/../lib/gcc/msp430/4.6.3/../../../../msp430/lib\libc.a(strchr.o)
 .debug_line    0x0000323b       0x49 c:/ti/tirex-content/energia-1.6.10e18/hardware/tools/msp430/bin/../lib/gcc/msp430/4.6.3/../../../../msp430/lib\libc.a(strcmp.o)
 .debug_line    0x00003284       0x82 c:/ti/tirex-content/energia-1.6.10e18/hardware/tools/msp430/bin/../lib/gcc/msp430/4.6.3/../../../../msp430/lib\libc.a(strncmp.o)
 .debug_line    0x00003306       0x4d c:/ti/tirex-content/energia-1.6.10e18/hardware/tools/msp430/bin/../lib/gcc/msp430/4.6.3/../../../../msp430/lib\libc.a(strcpy.o)
 .debug_line    0x00003353       0x85 c:/ti/tirex-content/energia-1.6.10e18/hardware/tools/msp430/bin/../lib/gcc/msp430/4.6.3/../../../../msp430/lib\libc.a(strncpy.o)
 .debug_line    0x000033d8       0xf6 c:/ti/tirex-content/energia-1.6.10e18/hardware/tools/msp430/bin/../lib/gcc/msp430/4.6.3/../../../../msp430/lib\libc.a(memcpy.o)
 .debug_line    0x000034ce       0xf6 c:/ti/tirex-content/energia-1.6.10e18/hardware/tools/msp430/bin/../lib/gcc/msp430/4.6.3/../../../../msp430/lib\libc.a(memmove.o)
 .debug_line    0x000035c4       0x47 c:/ti/tirex-content/energia-1.6.10e18/hardware/tools/msp430/bin/../lib/gcc/msp430/4.6.3/../../../../msp430/lib\libc.a(strrchr.o)
 .debug_line    0x0000360b       0x86 c:/ti/tirex-content/energia-1.6.10e18/hardware/tools/msp430/bin/../lib/gcc/msp430/4.6.3/../../../../msp430/lib\libc.a(strstr.o)
 .debug_line    0x00003691       0x3d c:/ti/tirex-content/energia-1.6.10e18/hardware/tools/msp430/bin/../lib/gcc/msp430/4.6.3/../../../../msp430/lib\libc.a(atol.o)
 .debug_line    0x000036ce       0xce c:/ti/tirex-content/energia-1.6.10e18/hardware/tools/msp430/bin/../lib/gcc/msp430/4.6.3/../../../../msp430/lib\libc.a(malloc.o)
 .debug_line    0x0000379c      0x10b c:/ti/tirex-content/energia-1.6.10e18/hardware/tools/msp430/bin/../lib/gcc/msp430/4.6.3/../../../../msp430/lib\libc.a(strtol.o)
 .debug_line    0x000038a7       0xa9 c:/ti/tirex-content/energia-1.6.10e18/hardware/tools/msp430/bin/../lib/gcc/msp430/4.6.3/../../../../msp430/lib\libc.a(sprintf.o)
 .debug_line    0x00003950      0x2df c:/ti/tirex-content/energia-1.6.10e18/hardware/tools/msp430/bin/../lib/gcc/msp430/4.6.3/../../../../msp430/lib\libc.a(vuprintf.o)
 .debug_line    0x00003c2f       0x31 c:/ti/tirex-content/energia-1.6.10e18/hardware/tools/msp430/bin/../lib/gcc/msp430/4.6.3/../../../../msp430/lib\libc.a(errno.o)
 .debug_line    0x00003c60       0x8b c:/ti/tirex-content/energia-1.6.10e18/hardware/tools/msp430/bin/../lib/gcc/msp430/4.6.3\libgcc.a(_divmod32.o)
 .debug_line    0x00003ceb       0xcc c:/ti/tirex-content/energia-1.6.10e18/hardware/tools/msp430/bin/../lib/gcc/msp430/4.6.3\libgcc.a(_udivmod64.o)
 .debug_line    0x00003db7       0x5c c:/ti/tirex-content/energia-1.6.10e18/hardware/tools/msp430/bin/../lib/gcc/msp430/4.6.3\libcrt0.a(__watchdog_support.o)
 .debug_line    0x00003e13       0x5a c:/ti/tirex-content/energia-1.6.10e18/hardware/tools/msp430/bin/../lib/gcc/msp430/4.6.3\libcrt0.a(__init_stack.o)
 .debug_line    0x00003e6d       0x60 c:/ti/tirex-content/energia-1.6.10e18/hardware/tools/msp430/bin/../lib/gcc/msp430/4.6.3\libcrt0.a(_copy_data.o)
 .debug_line    0x00003ecd       0x60 c:/ti/tirex-content/energia-1.6.10e18/hardware/tools/msp430/bin/../lib/gcc/msp430/4.6.3\libcrt0.a(_clear_bss.o)
 .debug_line    0x00003f2d       0x5b c:/ti/tirex-content/energia-1.6.10e18/hardware/tools/msp430/bin/../lib/gcc/msp430/4.6.3\libcrt0.a(_endless_loop__.o)
 .debug_line    0x00003f88       0x5a c:/ti/tirex-content/energia-1.6.10e18/hardware/tools/msp430/bin/../lib/gcc/msp430/4.6.3\libcrt0.a(_unexpected_.o)
 .debug_line    0x00003fe2       0x5f c:/ti/tirex-content/energia-1.6.10e18/hardware/tools/msp430/bin/../lib/gcc/msp430/4.6.3\libcrt0.a(_ctors430.o)

.debug_frame    0x00000000     0x19e4
 *(.debug_frame)
 .debug_frame   0x00000000       0x52 ./PullUP.o
 .debug_frame   0x00000052      0x154 C:/Users/ErnestoVM/Documents/CCS/lpmsp430g2553_core/Debug\liblpmsp430g2553_core.a(wiring.o)
 .debug_frame   0x000001a6       0x94 C:/Users/ErnestoVM/Documents/CCS/lpmsp430g2553_core/Debug\liblpmsp430g2553_core.a(wiring_digital.o)
 .debug_frame   0x0000023a       0xe6 C:/Users/ErnestoVM/Documents/CCS/lpmsp430g2553_core/Debug\liblpmsp430g2553_core.a(HardwareSerial.o)
 .debug_frame   0x00000320       0x1e C:/Users/ErnestoVM/Documents/CCS/lpmsp430g2553_core/Debug\liblpmsp430g2553_core.a(main.o)
 .debug_frame   0x0000033e      0x32a C:/Users/ErnestoVM/Documents/CCS/lpmsp430g2553_core/Debug\liblpmsp430g2553_core.a(Print.o)
 .debug_frame   0x00000668      0x7dc C:/Users/ErnestoVM/Documents/CCS/lpmsp430g2553_core/Debug\liblpmsp430g2553_core.a(WString.o)
 .debug_frame   0x00000e44       0x6e C:/Users/ErnestoVM/Documents/CCS/lpmsp430g2553_core/Debug\liblpmsp430g2553_core.a(atof.o)
 .debug_frame   0x00000eb2       0x82 C:/Users/ErnestoVM/Documents/CCS/lpmsp430g2553_core/Debug\liblpmsp430g2553_core.a(dtostrf.o)
 .debug_frame   0x00000f34       0xec C:/Users/ErnestoVM/Documents/CCS/lpmsp430g2553_core/Debug\liblpmsp430g2553_core.a(itoa.o)
 .debug_frame   0x00001020       0x7e C:/Users/ErnestoVM/Documents/CCS/lpmsp430g2553_core/Debug\liblpmsp430g2553_core.a(usci_isr_handler.o)
 .debug_frame   0x0000109e       0x5a C:/Users/ErnestoVM/Documents/CCS/lpmsp430g2553_core/Debug\liblpmsp430g2553_core.a(new.o)
 .debug_frame   0x000010f8       0xce C:/Users/ErnestoVM/Documents/CCS/lpmsp430g2553_core/Debug\liblpmsp430g2553_core.a(twi.o)
 .debug_frame   0x000011c6      0x10e C:/Users/ErnestoVM/Documents/CCS/lpmsp430g2553_core/Debug\liblpmsp430g2553_core.a(twi_sw.o)
 .debug_frame   0x000012d4       0x56 c:/ti/tirex-content/energia-1.6.10e18/hardware/tools/msp430/bin/../lib/gcc/msp430/4.6.3/../../../../msp430/lib\libm.a(ef_pow.o)
 .debug_frame   0x0000132a       0x44 c:/ti/tirex-content/energia-1.6.10e18/hardware/tools/msp430/bin/../lib/gcc/msp430/4.6.3/../../../../msp430/lib\libm.a(sf_scalbn.o)
 .debug_frame   0x0000136e       0x62 c:/ti/tirex-content/energia-1.6.10e18/hardware/tools/msp430/bin/../lib/gcc/msp430/4.6.3/../../../../msp430/lib\libm.a(ef_sqrt.o)
 .debug_frame   0x000013d0       0x28 c:/ti/tirex-content/energia-1.6.10e18/hardware/tools/msp430/bin/../lib/gcc/msp430/4.6.3\libgcc.a(_fixunssfsi.o)
 .debug_frame   0x000013f8       0x6a c:/ti/tirex-content/energia-1.6.10e18/hardware/tools/msp430/bin/../lib/gcc/msp430/4.6.3\libgcc.a(_addsub_sf.o)
 .debug_frame   0x00001462       0x4a c:/ti/tirex-content/energia-1.6.10e18/hardware/tools/msp430/bin/../lib/gcc/msp430/4.6.3\libgcc.a(_mul_sf.o)
 .debug_frame   0x000014ac       0x3a c:/ti/tirex-content/energia-1.6.10e18/hardware/tools/msp430/bin/../lib/gcc/msp430/4.6.3\libgcc.a(_div_sf.o)
 .debug_frame   0x000014e6       0x22 c:/ti/tirex-content/energia-1.6.10e18/hardware/tools/msp430/bin/../lib/gcc/msp430/4.6.3\libgcc.a(_gt_sf.o)
 .debug_frame   0x00001508       0x22 c:/ti/tirex-content/energia-1.6.10e18/hardware/tools/msp430/bin/../lib/gcc/msp430/4.6.3\libgcc.a(_ge_sf.o)
 .debug_frame   0x0000152a       0x22 c:/ti/tirex-content/energia-1.6.10e18/hardware/tools/msp430/bin/../lib/gcc/msp430/4.6.3\libgcc.a(_lt_sf.o)
 .debug_frame   0x0000154c       0x22 c:/ti/tirex-content/energia-1.6.10e18/hardware/tools/msp430/bin/../lib/gcc/msp430/4.6.3\libgcc.a(_le_sf.o)
 .debug_frame   0x0000156e       0x2c c:/ti/tirex-content/energia-1.6.10e18/hardware/tools/msp430/bin/../lib/gcc/msp430/4.6.3\libgcc.a(_si_to_sf.o)
 .debug_frame   0x0000159a       0x22 c:/ti/tirex-content/energia-1.6.10e18/hardware/tools/msp430/bin/../lib/gcc/msp430/4.6.3\libgcc.a(_sf_to_si.o)
 .debug_frame   0x000015bc       0x36 c:/ti/tirex-content/energia-1.6.10e18/hardware/tools/msp430/bin/../lib/gcc/msp430/4.6.3\libgcc.a(_usi_to_sf.o)
 .debug_frame   0x000015f2       0x2e c:/ti/tirex-content/energia-1.6.10e18/hardware/tools/msp430/bin/../lib/gcc/msp430/4.6.3\libgcc.a(_clzsi2.o)
 .debug_frame   0x00001620       0x38 c:/ti/tirex-content/energia-1.6.10e18/hardware/tools/msp430/bin/../lib/gcc/msp430/4.6.3\libgcc.a(_pack_sf.o)
 .debug_frame   0x00001658       0x28 c:/ti/tirex-content/energia-1.6.10e18/hardware/tools/msp430/bin/../lib/gcc/msp430/4.6.3\libgcc.a(_unpack_sf.o)
 .debug_frame   0x00001680       0x24 c:/ti/tirex-content/energia-1.6.10e18/hardware/tools/msp430/bin/../lib/gcc/msp430/4.6.3\libgcc.a(_fpcmp_parts_sf.o)
 .debug_frame   0x000016a4       0x1e c:/ti/tirex-content/energia-1.6.10e18/hardware/tools/msp430/bin/../lib/gcc/msp430/4.6.3/../../../../msp430/lib\libc.a(strchr.o)
 .debug_frame   0x000016c2       0x1e c:/ti/tirex-content/energia-1.6.10e18/hardware/tools/msp430/bin/../lib/gcc/msp430/4.6.3/../../../../msp430/lib\libc.a(strcmp.o)
 .debug_frame   0x000016e0       0x24 c:/ti/tirex-content/energia-1.6.10e18/hardware/tools/msp430/bin/../lib/gcc/msp430/4.6.3/../../../../msp430/lib\libc.a(strncmp.o)
 .debug_frame   0x00001704       0x1e c:/ti/tirex-content/energia-1.6.10e18/hardware/tools/msp430/bin/../lib/gcc/msp430/4.6.3/../../../../msp430/lib\libc.a(strcpy.o)
 .debug_frame   0x00001722       0x24 c:/ti/tirex-content/energia-1.6.10e18/hardware/tools/msp430/bin/../lib/gcc/msp430/4.6.3/../../../../msp430/lib\libc.a(strncpy.o)
 .debug_frame   0x00001746       0x38 c:/ti/tirex-content/energia-1.6.10e18/hardware/tools/msp430/bin/../lib/gcc/msp430/4.6.3/../../../../msp430/lib\libc.a(memcpy.o)
 .debug_frame   0x0000177e       0x38 c:/ti/tirex-content/energia-1.6.10e18/hardware/tools/msp430/bin/../lib/gcc/msp430/4.6.3/../../../../msp430/lib\libc.a(memmove.o)
 .debug_frame   0x000017b6       0x24 c:/ti/tirex-content/energia-1.6.10e18/hardware/tools/msp430/bin/../lib/gcc/msp430/4.6.3/../../../../msp430/lib\libc.a(strrchr.o)
 .debug_frame   0x000017da       0x38 c:/ti/tirex-content/energia-1.6.10e18/hardware/tools/msp430/bin/../lib/gcc/msp430/4.6.3/../../../../msp430/lib\libc.a(strstr.o)
 .debug_frame   0x00001812       0x1e c:/ti/tirex-content/energia-1.6.10e18/hardware/tools/msp430/bin/../lib/gcc/msp430/4.6.3/../../../../msp430/lib\libc.a(atol.o)
 .debug_frame   0x00001830       0x52 c:/ti/tirex-content/energia-1.6.10e18/hardware/tools/msp430/bin/../lib/gcc/msp430/4.6.3/../../../../msp430/lib\libc.a(malloc.o)
 .debug_frame   0x00001882       0x4a c:/ti/tirex-content/energia-1.6.10e18/hardware/tools/msp430/bin/../lib/gcc/msp430/4.6.3/../../../../msp430/lib\libc.a(strtol.o)
 .debug_frame   0x000018cc       0x68 c:/ti/tirex-content/energia-1.6.10e18/hardware/tools/msp430/bin/../lib/gcc/msp430/4.6.3/../../../../msp430/lib\libc.a(sprintf.o)
 .debug_frame   0x00001934       0xb0 c:/ti/tirex-content/energia-1.6.10e18/hardware/tools/msp430/bin/../lib/gcc/msp430/4.6.3/../../../../msp430/lib\libc.a(vuprintf.o)

.debug_str      0x00000000     0x2857
 *(.debug_str)
 .debug_str     0x00000000      0x1c0 ./PullUP.o
                                0x211 (size before relaxing)
 .debug_str     0x000001c0      0x202 C:/Users/ErnestoVM/Documents/CCS/lpmsp430g2553_core/Debug\liblpmsp430g2553_core.a(wiring.o)
                                0x3cf (size before relaxing)
 .debug_str     0x000003c2      0x23e C:/Users/ErnestoVM/Documents/CCS/lpmsp430g2553_core/Debug\liblpmsp430g2553_core.a(wiring_digital.o)
                                0x459 (size before relaxing)
 .debug_str     0x00000600      0xe3b C:/Users/ErnestoVM/Documents/CCS/lpmsp430g2553_core/Debug\liblpmsp430g2553_core.a(HardwareSerial.o)
                               0x10aa (size before relaxing)
 .debug_str     0x0000143b       0x51 C:/Users/ErnestoVM/Documents/CCS/lpmsp430g2553_core/Debug\liblpmsp430g2553_core.a(main.o)
                                0x228 (size before relaxing)
 .debug_str     0x0000148c      0x3e2 C:/Users/ErnestoVM/Documents/CCS/lpmsp430g2553_core/Debug\liblpmsp430g2553_core.a(Print.o)
                                0xe97 (size before relaxing)
 .debug_str     0x0000186e      0x24c C:/Users/ErnestoVM/Documents/CCS/lpmsp430g2553_core/Debug\liblpmsp430g2553_core.a(WString.o)
                                0xc2f (size before relaxing)
 .debug_str     0x00001aba       0x66 C:/Users/ErnestoVM/Documents/CCS/lpmsp430g2553_core/Debug\liblpmsp430g2553_core.a(atof.o)
                                 0xc9 (size before relaxing)
 .debug_str     0x00001b20       0x72 C:/Users/ErnestoVM/Documents/CCS/lpmsp430g2553_core/Debug\liblpmsp430g2553_core.a(dtostrf.o)
                                0x19c (size before relaxing)
 .debug_str     0x00001b92       0x60 C:/Users/ErnestoVM/Documents/CCS/lpmsp430g2553_core/Debug\liblpmsp430g2553_core.a(itoa.o)
                                0x135 (size before relaxing)
 .debug_str     0x00001bf2       0xb9 C:/Users/ErnestoVM/Documents/CCS/lpmsp430g2553_core/Debug\liblpmsp430g2553_core.a(usci_isr_handler.o)
                                0x27d (size before relaxing)
 .debug_str     0x00001cab       0xad C:/Users/ErnestoVM/Documents/CCS/lpmsp430g2553_core/Debug\liblpmsp430g2553_core.a(new.o)
                                0x196 (size before relaxing)
 .debug_str     0x00001d58      0x208 C:/Users/ErnestoVM/Documents/CCS/lpmsp430g2553_core/Debug\liblpmsp430g2553_core.a(twi.o)
                                0x3cf (size before relaxing)
 .debug_str     0x00001f60       0xdf C:/Users/ErnestoVM/Documents/CCS/lpmsp430g2553_core/Debug\liblpmsp430g2553_core.a(twi_sw.o)
                                0x28e (size before relaxing)
 .debug_str     0x0000203f       0xcc c:/ti/tirex-content/energia-1.6.10e18/hardware/tools/msp430/bin/../lib/gcc/msp430/4.6.3/../../../../msp430/lib\libm.a(ef_pow.o)
                                0x197 (size before relaxing)
 .debug_str     0x0000210b       0x2f c:/ti/tirex-content/energia-1.6.10e18/hardware/tools/msp430/bin/../lib/gcc/msp430/4.6.3/../../../../msp430/lib\libm.a(sf_scalbn.o)
                                0x15a (size before relaxing)
 .debug_str     0x0000213a       0x26 c:/ti/tirex-content/energia-1.6.10e18/hardware/tools/msp430/bin/../lib/gcc/msp430/4.6.3/../../../../msp430/lib\libm.a(ef_sqrt.o)
                                0x152 (size before relaxing)
 .debug_str     0x00002160       0x86 c:/ti/tirex-content/energia-1.6.10e18/hardware/tools/msp430/bin/../lib/gcc/msp430/4.6.3\libgcc.a(_fixunssfsi.o)
                                0x13e (size before relaxing)
 .debug_str     0x000021e6      0x138 c:/ti/tirex-content/energia-1.6.10e18/hardware/tools/msp430/bin/../lib/gcc/msp430/4.6.3\libgcc.a(_addsub_sf.o)
                                0x238 (size before relaxing)
 .debug_str     0x0000231e       0x27 c:/ti/tirex-content/energia-1.6.10e18/hardware/tools/msp430/bin/../lib/gcc/msp430/4.6.3\libgcc.a(_mul_sf.o)
                                0x1f1 (size before relaxing)
 .debug_str     0x00002345       0x35 c:/ti/tirex-content/energia-1.6.10e18/hardware/tools/msp430/bin/../lib/gcc/msp430/4.6.3\libgcc.a(_div_sf.o)
                                0x1fa (size before relaxing)
 .debug_str     0x0000237a        0x8 c:/ti/tirex-content/energia-1.6.10e18/hardware/tools/msp430/bin/../lib/gcc/msp430/4.6.3\libgcc.a(_gt_sf.o)
                                0x1bf (size before relaxing)
 .debug_str     0x00002382        0x8 c:/ti/tirex-content/energia-1.6.10e18/hardware/tools/msp430/bin/../lib/gcc/msp430/4.6.3\libgcc.a(_ge_sf.o)
                                0x1bf (size before relaxing)
 .debug_str     0x0000238a        0x8 c:/ti/tirex-content/energia-1.6.10e18/hardware/tools/msp430/bin/../lib/gcc/msp430/4.6.3\libgcc.a(_lt_sf.o)
                                0x1bf (size before relaxing)
 .debug_str     0x00002392        0x8 c:/ti/tirex-content/energia-1.6.10e18/hardware/tools/msp430/bin/../lib/gcc/msp430/4.6.3\libgcc.a(_le_sf.o)
                                0x1bf (size before relaxing)
 .debug_str     0x0000239a       0x27 c:/ti/tirex-content/energia-1.6.10e18/hardware/tools/msp430/bin/../lib/gcc/msp430/4.6.3\libgcc.a(_si_to_sf.o)
                                0x1ae (size before relaxing)
 .debug_str     0x000023c1        0xa c:/ti/tirex-content/energia-1.6.10e18/hardware/tools/msp430/bin/../lib/gcc/msp430/4.6.3\libgcc.a(_sf_to_si.o)
                                0x1c8 (size before relaxing)
 .debug_str     0x00000000      0x16a c:/ti/tirex-content/energia-1.6.10e18/hardware/tools/msp430/bin/../lib/gcc/msp430/4.6.3\libgcc.a(_thenan_sf.o)
 .debug_str     0x000023cb        0xe c:/ti/tirex-content/energia-1.6.10e18/hardware/tools/msp430/bin/../lib/gcc/msp430/4.6.3\libgcc.a(_usi_to_sf.o)
                                0x1aa (size before relaxing)
 .debug_str     0x000023d9       0x17 c:/ti/tirex-content/energia-1.6.10e18/hardware/tools/msp430/bin/../lib/gcc/msp430/4.6.3\libgcc.a(_clzsi2.o)
                                0x14a (size before relaxing)
 .debug_str     0x000023f0       0x10 c:/ti/tirex-content/energia-1.6.10e18/hardware/tools/msp430/bin/../lib/gcc/msp430/4.6.3\libgcc.a(_pack_sf.o)
                                0x1c7 (size before relaxing)
 .debug_str     0x00002400        0xb c:/ti/tirex-content/energia-1.6.10e18/hardware/tools/msp430/bin/../lib/gcc/msp430/4.6.3\libgcc.a(_unpack_sf.o)
                                0x1a9 (size before relaxing)
 .debug_str     0x0000240b       0x10 c:/ti/tirex-content/energia-1.6.10e18/hardware/tools/msp430/bin/../lib/gcc/msp430/4.6.3\libgcc.a(_fpcmp_parts_sf.o)
                                0x18d (size before relaxing)
 .debug_str     0x00000000      0x12d c:/ti/tirex-content/energia-1.6.10e18/hardware/tools/msp430/bin/../lib/gcc/msp430/4.6.3\libgcc.a(_clz.o)
 .debug_str     0x0000241b       0x19 c:/ti/tirex-content/energia-1.6.10e18/hardware/tools/msp430/bin/../lib/gcc/msp430/4.6.3/../../../../msp430/lib\libc.a(strchr.o)
                                 0xfd (size before relaxing)
 .debug_str     0x00002434       0x19 c:/ti/tirex-content/energia-1.6.10e18/hardware/tools/msp430/bin/../lib/gcc/msp430/4.6.3/../../../../msp430/lib\libc.a(strcmp.o)
                                 0xfd (size before relaxing)
 .debug_str     0x0000244d       0x1b c:/ti/tirex-content/energia-1.6.10e18/hardware/tools/msp430/bin/../lib/gcc/msp430/4.6.3/../../../../msp430/lib\libc.a(strncmp.o)
                                0x106 (size before relaxing)
 .debug_str     0x00002468       0x23 c:/ti/tirex-content/energia-1.6.10e18/hardware/tools/msp430/bin/../lib/gcc/msp430/4.6.3/../../../../msp430/lib\libc.a(strcpy.o)
                                0x107 (size before relaxing)
 .debug_str     0x0000248b       0x1b c:/ti/tirex-content/energia-1.6.10e18/hardware/tools/msp430/bin/../lib/gcc/msp430/4.6.3/../../../../msp430/lib\libc.a(strncpy.o)
                                0x106 (size before relaxing)
 .debug_str     0x000024a6       0x28 c:/ti/tirex-content/energia-1.6.10e18/hardware/tools/msp430/bin/../lib/gcc/msp430/4.6.3/../../../../msp430/lib\libc.a(memcpy.o)
                                0x11f (size before relaxing)
 .debug_str     0x000024ce       0x1b c:/ti/tirex-content/energia-1.6.10e18/hardware/tools/msp430/bin/../lib/gcc/msp430/4.6.3/../../../../msp430/lib\libc.a(memmove.o)
                                0x121 (size before relaxing)
 .debug_str     0x000024e9       0x1b c:/ti/tirex-content/energia-1.6.10e18/hardware/tools/msp430/bin/../lib/gcc/msp430/4.6.3/../../../../msp430/lib\libc.a(strrchr.o)
                                0x104 (size before relaxing)
 .debug_str     0x00002504       0x19 c:/ti/tirex-content/energia-1.6.10e18/hardware/tools/msp430/bin/../lib/gcc/msp430/4.6.3/../../../../msp430/lib\libc.a(strstr.o)
                                0x109 (size before relaxing)
 .debug_str     0x0000251d       0x15 c:/ti/tirex-content/energia-1.6.10e18/hardware/tools/msp430/bin/../lib/gcc/msp430/4.6.3/../../../../msp430/lib\libc.a(atol.o)
                                 0xf9 (size before relaxing)
 .debug_str     0x00002532       0x55 c:/ti/tirex-content/energia-1.6.10e18/hardware/tools/msp430/bin/../lib/gcc/msp430/4.6.3/../../../../msp430/lib\libc.a(malloc.o)
                                0x145 (size before relaxing)
 .debug_str     0x00002587       0x47 c:/ti/tirex-content/energia-1.6.10e18/hardware/tools/msp430/bin/../lib/gcc/msp430/4.6.3/../../../../msp430/lib\libc.a(strtol.o)
                                0x138 (size before relaxing)
 .debug_str     0x000025ce       0x85 c:/ti/tirex-content/energia-1.6.10e18/hardware/tools/msp430/bin/../lib/gcc/msp430/4.6.3/../../../../msp430/lib\libc.a(sprintf.o)
                                0x198 (size before relaxing)
 .debug_str     0x00002653      0x1f3 c:/ti/tirex-content/energia-1.6.10e18/hardware/tools/msp430/bin/../lib/gcc/msp430/4.6.3/../../../../msp430/lib\libc.a(vuprintf.o)
                                0x37e (size before relaxing)
 .debug_str     0x00002846       0x11 c:/ti/tirex-content/energia-1.6.10e18/hardware/tools/msp430/bin/../lib/gcc/msp430/4.6.3/../../../../msp430/lib\libc.a(errno.o)
                                 0x7c (size before relaxing)

.debug_loc      0x00000000     0x460d
 *(.debug_loc)
 .debug_loc     0x00000000       0x3a ./PullUP.o
 .debug_loc     0x0000003a      0x10b C:/Users/ErnestoVM/Documents/CCS/lpmsp430g2553_core/Debug\liblpmsp430g2553_core.a(wiring.o)
 .debug_loc     0x00000145      0x211 C:/Users/ErnestoVM/Documents/CCS/lpmsp430g2553_core/Debug\liblpmsp430g2553_core.a(wiring_digital.o)
 .debug_loc     0x00000356      0x11e C:/Users/ErnestoVM/Documents/CCS/lpmsp430g2553_core/Debug\liblpmsp430g2553_core.a(HardwareSerial.o)
 .debug_loc     0x00000474      0x6e4 C:/Users/ErnestoVM/Documents/CCS/lpmsp430g2553_core/Debug\liblpmsp430g2553_core.a(Print.o)
 .debug_loc     0x00000b58      0xeb0 C:/Users/ErnestoVM/Documents/CCS/lpmsp430g2553_core/Debug\liblpmsp430g2553_core.a(WString.o)
 .debug_loc     0x00001a08      0x129 C:/Users/ErnestoVM/Documents/CCS/lpmsp430g2553_core/Debug\liblpmsp430g2553_core.a(atof.o)
 .debug_loc     0x00001b31       0x52 C:/Users/ErnestoVM/Documents/CCS/lpmsp430g2553_core/Debug\liblpmsp430g2553_core.a(dtostrf.o)
 .debug_loc     0x00001b83      0x22a C:/Users/ErnestoVM/Documents/CCS/lpmsp430g2553_core/Debug\liblpmsp430g2553_core.a(itoa.o)
 .debug_loc     0x00001dad       0x24 C:/Users/ErnestoVM/Documents/CCS/lpmsp430g2553_core/Debug\liblpmsp430g2553_core.a(usci_isr_handler.o)
 .debug_loc     0x00001dd1       0x21 C:/Users/ErnestoVM/Documents/CCS/lpmsp430g2553_core/Debug\liblpmsp430g2553_core.a(new.o)
 .debug_loc     0x00001df2       0xdb C:/Users/ErnestoVM/Documents/CCS/lpmsp430g2553_core/Debug\liblpmsp430g2553_core.a(twi.o)
 .debug_loc     0x00001ecd      0x13d C:/Users/ErnestoVM/Documents/CCS/lpmsp430g2553_core/Debug\liblpmsp430g2553_core.a(twi_sw.o)
 .debug_loc     0x0000200a      0x6d7 c:/ti/tirex-content/energia-1.6.10e18/hardware/tools/msp430/bin/../lib/gcc/msp430/4.6.3/../../../../msp430/lib\libm.a(ef_pow.o)
 .debug_loc     0x000026e1      0x16d c:/ti/tirex-content/energia-1.6.10e18/hardware/tools/msp430/bin/../lib/gcc/msp430/4.6.3/../../../../msp430/lib\libm.a(sf_scalbn.o)
 .debug_loc     0x0000284e      0x1b4 c:/ti/tirex-content/energia-1.6.10e18/hardware/tools/msp430/bin/../lib/gcc/msp430/4.6.3/../../../../msp430/lib\libm.a(ef_sqrt.o)
 .debug_loc     0x00002a02       0x44 c:/ti/tirex-content/energia-1.6.10e18/hardware/tools/msp430/bin/../lib/gcc/msp430/4.6.3\libgcc.a(_fixunssfsi.o)
 .debug_loc     0x00002a46      0x2ca c:/ti/tirex-content/energia-1.6.10e18/hardware/tools/msp430/bin/../lib/gcc/msp430/4.6.3\libgcc.a(_addsub_sf.o)
 .debug_loc     0x00002d10      0x23c c:/ti/tirex-content/energia-1.6.10e18/hardware/tools/msp430/bin/../lib/gcc/msp430/4.6.3\libgcc.a(_mul_sf.o)
 .debug_loc     0x00002f4c      0x110 c:/ti/tirex-content/energia-1.6.10e18/hardware/tools/msp430/bin/../lib/gcc/msp430/4.6.3\libgcc.a(_div_sf.o)
 .debug_loc     0x0000305c       0x3c c:/ti/tirex-content/energia-1.6.10e18/hardware/tools/msp430/bin/../lib/gcc/msp430/4.6.3\libgcc.a(_gt_sf.o)
 .debug_loc     0x00003098       0x3c c:/ti/tirex-content/energia-1.6.10e18/hardware/tools/msp430/bin/../lib/gcc/msp430/4.6.3\libgcc.a(_ge_sf.o)
 .debug_loc     0x000030d4       0x3c c:/ti/tirex-content/energia-1.6.10e18/hardware/tools/msp430/bin/../lib/gcc/msp430/4.6.3\libgcc.a(_lt_sf.o)
 .debug_loc     0x00003110       0x3c c:/ti/tirex-content/energia-1.6.10e18/hardware/tools/msp430/bin/../lib/gcc/msp430/4.6.3\libgcc.a(_le_sf.o)
 .debug_loc     0x0000314c       0xa2 c:/ti/tirex-content/energia-1.6.10e18/hardware/tools/msp430/bin/../lib/gcc/msp430/4.6.3\libgcc.a(_si_to_sf.o)
 .debug_loc     0x000031ee       0x3c c:/ti/tirex-content/energia-1.6.10e18/hardware/tools/msp430/bin/../lib/gcc/msp430/4.6.3\libgcc.a(_sf_to_si.o)
 .debug_loc     0x0000322a       0x6c c:/ti/tirex-content/energia-1.6.10e18/hardware/tools/msp430/bin/../lib/gcc/msp430/4.6.3\libgcc.a(_usi_to_sf.o)
 .debug_loc     0x00003296       0x80 c:/ti/tirex-content/energia-1.6.10e18/hardware/tools/msp430/bin/../lib/gcc/msp430/4.6.3\libgcc.a(_clzsi2.o)
 .debug_loc     0x00003316      0x181 c:/ti/tirex-content/energia-1.6.10e18/hardware/tools/msp430/bin/../lib/gcc/msp430/4.6.3\libgcc.a(_pack_sf.o)
 .debug_loc     0x00003497       0x83 c:/ti/tirex-content/energia-1.6.10e18/hardware/tools/msp430/bin/../lib/gcc/msp430/4.6.3\libgcc.a(_unpack_sf.o)
 .debug_loc     0x0000351a       0x5b c:/ti/tirex-content/energia-1.6.10e18/hardware/tools/msp430/bin/../lib/gcc/msp430/4.6.3\libgcc.a(_fpcmp_parts_sf.o)
 .debug_loc     0x00003575        0xb c:/ti/tirex-content/energia-1.6.10e18/hardware/tools/msp430/bin/../lib/gcc/msp430/4.6.3/../../../../msp430/lib\libc.a(strchr.o)
 .debug_loc     0x00003580       0x24 c:/ti/tirex-content/energia-1.6.10e18/hardware/tools/msp430/bin/../lib/gcc/msp430/4.6.3/../../../../msp430/lib\libc.a(strcmp.o)
 .debug_loc     0x000035a4       0x38 c:/ti/tirex-content/energia-1.6.10e18/hardware/tools/msp430/bin/../lib/gcc/msp430/4.6.3/../../../../msp430/lib\libc.a(strncmp.o)
 .debug_loc     0x000035dc       0x12 c:/ti/tirex-content/energia-1.6.10e18/hardware/tools/msp430/bin/../lib/gcc/msp430/4.6.3/../../../../msp430/lib\libc.a(strcpy.o)
 .debug_loc     0x000035ee       0x45 c:/ti/tirex-content/energia-1.6.10e18/hardware/tools/msp430/bin/../lib/gcc/msp430/4.6.3/../../../../msp430/lib\libc.a(strncpy.o)
 .debug_loc     0x00003633      0x1e9 c:/ti/tirex-content/energia-1.6.10e18/hardware/tools/msp430/bin/../lib/gcc/msp430/4.6.3/../../../../msp430/lib\libc.a(memcpy.o)
 .debug_loc     0x0000381c      0x1e9 c:/ti/tirex-content/energia-1.6.10e18/hardware/tools/msp430/bin/../lib/gcc/msp430/4.6.3/../../../../msp430/lib\libc.a(memmove.o)
 .debug_loc     0x00003a05       0x39 c:/ti/tirex-content/energia-1.6.10e18/hardware/tools/msp430/bin/../lib/gcc/msp430/4.6.3/../../../../msp430/lib\libc.a(strrchr.o)
 .debug_loc     0x00003a3e       0xa9 c:/ti/tirex-content/energia-1.6.10e18/hardware/tools/msp430/bin/../lib/gcc/msp430/4.6.3/../../../../msp430/lib\libc.a(strstr.o)
 .debug_loc     0x00003ae7        0xb c:/ti/tirex-content/energia-1.6.10e18/hardware/tools/msp430/bin/../lib/gcc/msp430/4.6.3/../../../../msp430/lib\libc.a(atol.o)
 .debug_loc     0x00003af2      0x12e c:/ti/tirex-content/energia-1.6.10e18/hardware/tools/msp430/bin/../lib/gcc/msp430/4.6.3/../../../../msp430/lib\libc.a(malloc.o)
 .debug_loc     0x00003c20      0x1f6 c:/ti/tirex-content/energia-1.6.10e18/hardware/tools/msp430/bin/../lib/gcc/msp430/4.6.3/../../../../msp430/lib\libc.a(strtol.o)
 .debug_loc     0x00003e16       0xeb c:/ti/tirex-content/energia-1.6.10e18/hardware/tools/msp430/bin/../lib/gcc/msp430/4.6.3/../../../../msp430/lib\libc.a(sprintf.o)
 .debug_loc     0x00003f01      0x70c c:/ti/tirex-content/energia-1.6.10e18/hardware/tools/msp430/bin/../lib/gcc/msp430/4.6.3/../../../../msp430/lib\libc.a(vuprintf.o)

.debug_macinfo
 *(.debug_macinfo)

.debug_pubtypes
 *(.debug_pubtypes)

.debug_ranges   0x00000000      0x394
 *(.debug_ranges)
 .debug_ranges  0x00000000       0x10 ./PullUP.o
 .debug_ranges  0x00000010       0x3c C:/Users/ErnestoVM/Documents/CCS/lpmsp430g2553_core/Debug\liblpmsp430g2553_core.a(wiring.o)
 .debug_ranges  0x0000004c       0x14 C:/Users/ErnestoVM/Documents/CCS/lpmsp430g2553_core/Debug\liblpmsp430g2553_core.a(wiring_digital.o)
 .debug_ranges  0x00000060       0x38 C:/Users/ErnestoVM/Documents/CCS/lpmsp430g2553_core/Debug\liblpmsp430g2553_core.a(HardwareSerial.o)
 .debug_ranges  0x00000098        0x8 C:/Users/ErnestoVM/Documents/CCS/lpmsp430g2553_core/Debug\liblpmsp430g2553_core.a(main.o)
 .debug_ranges  0x000000a0       0x70 C:/Users/ErnestoVM/Documents/CCS/lpmsp430g2553_core/Debug\liblpmsp430g2553_core.a(Print.o)
 .debug_ranges  0x00000110      0x150 C:/Users/ErnestoVM/Documents/CCS/lpmsp430g2553_core/Debug\liblpmsp430g2553_core.a(WString.o)
 .debug_ranges  0x00000260        0x8 C:/Users/ErnestoVM/Documents/CCS/lpmsp430g2553_core/Debug\liblpmsp430g2553_core.a(atof.o)
 .debug_ranges  0x00000268        0x8 C:/Users/ErnestoVM/Documents/CCS/lpmsp430g2553_core/Debug\liblpmsp430g2553_core.a(dtostrf.o)
 .debug_ranges  0x00000270       0x14 C:/Users/ErnestoVM/Documents/CCS/lpmsp430g2553_core/Debug\liblpmsp430g2553_core.a(itoa.o)
 .debug_ranges  0x00000284       0x10 C:/Users/ErnestoVM/Documents/CCS/lpmsp430g2553_core/Debug\liblpmsp430g2553_core.a(usci_isr_handler.o)
 .debug_ranges  0x00000294       0x1c C:/Users/ErnestoVM/Documents/CCS/lpmsp430g2553_core/Debug\liblpmsp430g2553_core.a(new.o)
 .debug_ranges  0x000002b0       0x30 C:/Users/ErnestoVM/Documents/CCS/lpmsp430g2553_core/Debug\liblpmsp430g2553_core.a(twi.o)
 .debug_ranges  0x000002e0       0x24 C:/Users/ErnestoVM/Documents/CCS/lpmsp430g2553_core/Debug\liblpmsp430g2553_core.a(twi_sw.o)
 .debug_ranges  0x00000304       0x14 c:/ti/tirex-content/energia-1.6.10e18/hardware/tools/msp430/bin/../lib/gcc/msp430/4.6.3\libgcc.a(_addsub_sf.o)
 .debug_ranges  0x00000318       0x28 c:/ti/tirex-content/energia-1.6.10e18/hardware/tools/msp430/bin/../lib/gcc/msp430/4.6.3\libgcc.a(_mul_sf.o)
 .debug_ranges  0x00000340       0x24 c:/ti/tirex-content/energia-1.6.10e18/hardware/tools/msp430/bin/../lib/gcc/msp430/4.6.3\libgcc.a(_div_sf.o)
 .debug_ranges  0x00000364        0xc c:/ti/tirex-content/energia-1.6.10e18/hardware/tools/msp430/bin/../lib/gcc/msp430/4.6.3\libgcc.a(_clzsi2.o)
 .debug_ranges  0x00000370        0xc c:/ti/tirex-content/energia-1.6.10e18/hardware/tools/msp430/bin/../lib/gcc/msp430/4.6.3/../../../../msp430/lib\libc.a(malloc.o)
 .debug_ranges  0x0000037c       0x18 c:/ti/tirex-content/energia-1.6.10e18/hardware/tools/msp430/bin/../lib/gcc/msp430/4.6.3/../../../../msp430/lib\libc.a(vuprintf.o)
                0x00000400                PROVIDE (__stack, (ORIGIN (ram) + 0x200))
                0x0000ca90                PROVIDE (__data_start_rom, _etext)
                0x0000ca92                PROVIDE (__data_end_rom, (_etext + SIZEOF (.data)))
OUTPUT(PullUP.out elf32-msp430)